Sep 23 13:36:31 flhember kernel: klogd 1.5.1, log source = /proc/kmsg started.
Sep 23 13:36:31 flhember kernel: Cannot find map file.
Sep 23 13:36:31 flhember kernel: Loaded 141538 symbols from 1 module.
Sep 23 13:36:31 flhember kernel: [    0.000000] Linux version 5.19.2-i5-8250 (root@flhember-VirtualBox) (gcc (GCC) 12.2.0, GNU ld (GNU Binutils) 2.39) #1 SMP PREEMPT_DYNAMIC Thu Sep 22 20:20:27 CEST 2022
Sep 23 13:36:31 flhember kernel: [    0.000000] Command line: BOOT_IMAGE=/vmlinuz-5.19.2-flhember root=/dev/sda3 ro
Sep 23 13:36:31 flhember kernel: [    0.000000] x86/fpu: Supporting XSAVE feature 0x001: 'x87 floating point registers'
Sep 23 13:36:31 flhember kernel: [    0.000000] x86/fpu: Supporting XSAVE feature 0x002: 'SSE registers'
Sep 23 13:36:31 flhember kernel: [    0.000000] x86/fpu: Supporting XSAVE feature 0x004: 'AVX registers'
Sep 23 13:36:31 flhember kernel: [    0.000000] x86/fpu: xstate_offset[2]:  576, xstate_sizes[2]:  256
Sep 23 13:36:31 flhember kernel: [    0.000000] x86/fpu: Enabled xstate features 0x7, context size is 832 bytes, using 'standard' format.
Sep 23 13:36:31 flhember kernel: [    0.000000] signal: max sigframe size: 1776
Sep 23 13:36:31 flhember kernel: [    0.000000] BIOS-provided physical RAM map:
Sep 23 13:36:31 flhember kernel: [    0.000000] BIOS-e820: [mem 0x0000000000000000-0x000000000009fbff] usable
Sep 23 13:36:31 flhember kernel: [    0.000000] BIOS-e820: [mem 0x000000000009fc00-0x000000000009ffff] reserved
Sep 23 13:36:31 flhember kernel: [    0.000000] BIOS-e820: [mem 0x00000000000f0000-0x00000000000fffff] reserved
Sep 23 13:36:31 flhember kernel: [    0.000000] BIOS-e820: [mem 0x0000000000100000-0x00000000dffeffff] usable
Sep 23 13:36:31 flhember kernel: [    0.000000] BIOS-e820: [mem 0x00000000dfff0000-0x00000000dfffffff] ACPI data
Sep 23 13:36:31 flhember kernel: [    0.000000] BIOS-e820: [mem 0x00000000fec00000-0x00000000fec00fff] reserved
Sep 23 13:36:31 flhember kernel: [    0.000000] BIOS-e820: [mem 0x00000000fee00000-0x00000000fee00fff] reserved
Sep 23 13:36:31 flhember kernel: [    0.000000] BIOS-e820: [mem 0x00000000fffc0000-0x00000000ffffffff] reserved
Sep 23 13:36:31 flhember kernel: [    0.000000] BIOS-e820: [mem 0x0000000100000000-0x000000011d7fffff] usable
Sep 23 13:36:31 flhember kernel: [    0.000000] NX (Execute Disable) protection: active
Sep 23 13:36:31 flhember kernel: [    0.000000] SMBIOS 2.5 present.
Sep 23 13:36:31 flhember kernel: [    0.000000] DMI: innotek GmbH VirtualBox/VirtualBox, BIOS VirtualBox 12/01/2006
Sep 23 13:36:31 flhember kernel: [    0.000000] Hypervisor detected: KVM
Sep 23 13:36:31 flhember kernel: [    0.000000] kvm-clock: Using msrs 4b564d01 and 4b564d00
Sep 23 13:36:31 flhember kernel: [    0.000002] kvm-clock: using sched offset of 69691118388 cycles
Sep 23 13:36:31 flhember kernel: [    0.000005] clocksource: kvm-clock: mask: 0xffffffffffffffff max_cycles: 0x1cd42e4dffb, max_idle_ns: 881590591483 ns
Sep 23 13:36:31 flhember kernel: [    0.000008] tsc: Detected 1800.001 MHz processor
Sep 23 13:36:31 flhember kernel: [    0.001454] e820: update [mem 0x00000000-0x00000fff] usable ==> reserved
Sep 23 13:36:31 flhember kernel: [    0.001458] e820: remove [mem 0x000a0000-0x000fffff] usable
Sep 23 13:36:31 flhember kernel: [    0.001463] last_pfn = 0x11d800 max_arch_pfn = 0x400000000
Sep 23 13:36:31 flhember kernel: [    0.001474] Disabled
Sep 23 13:36:31 flhember kernel: [    0.001475] x86/PAT: MTRRs disabled, skipping PAT initialization too.
Sep 23 13:36:31 flhember kernel: [    0.001477] CPU MTRRs all blank - virtualized system.
Sep 23 13:36:31 flhember kernel: [    0.001480] x86/PAT: Configuration [0-7]: WB  WT  UC- UC  WB  WT  UC- UC  
Sep 23 13:36:31 flhember kernel: [    0.001485] last_pfn = 0xdfff0 max_arch_pfn = 0x400000000
Sep 23 13:36:31 flhember kernel: [    0.001542] found SMP MP-table at [mem 0x0009fff0-0x0009ffff]
Sep 23 13:36:31 flhember kernel: [    0.001999] ACPI: Early table checksum verification disabled
Sep 23 13:36:31 flhember kernel: [    0.002004] ACPI: RSDP 0x00000000000E0000 000024 (v02 VBOX  )
Sep 23 13:36:31 flhember kernel: [    0.002008] ACPI: XSDT 0x00000000DFFF0030 00003C (v01 VBOX   VBOXXSDT 00000001 ASL  00000061)
Sep 23 13:36:31 flhember kernel: [    0.002014] ACPI: FACP 0x00000000DFFF00F0 0000F4 (v04 VBOX   VBOXFACP 00000001 ASL  00000061)
Sep 23 13:36:31 flhember kernel: [    0.002020] ACPI: DSDT 0x00000000DFFF0470 002325 (v02 VBOX   VBOXBIOS 00000002 INTL 20200925)
Sep 23 13:36:31 flhember kernel: [    0.002023] ACPI: FACS 0x00000000DFFF0200 000040
Sep 23 13:36:31 flhember kernel: [    0.002026] ACPI: FACS 0x00000000DFFF0200 000040
Sep 23 13:36:31 flhember kernel: [    0.002029] ACPI: APIC 0x00000000DFFF0240 000054 (v02 VBOX   VBOXAPIC 00000001 ASL  00000061)
Sep 23 13:36:31 flhember kernel: [    0.002033] ACPI: SSDT 0x00000000DFFF02A0 0001CC (v01 VBOX   VBOXCPUT 00000002 INTL 20200925)
Sep 23 13:36:31 flhember kernel: [    0.002036] ACPI: Reserving FACP table memory at [mem 0xdfff00f0-0xdfff01e3]
Sep 23 13:36:31 flhember kernel: [    0.002037] ACPI: Reserving DSDT table memory at [mem 0xdfff0470-0xdfff2794]
Sep 23 13:36:31 flhember kernel: [    0.002038] ACPI: Reserving FACS table memory at [mem 0xdfff0200-0xdfff023f]
Sep 23 13:36:31 flhember kernel: [    0.002039] ACPI: Reserving FACS table memory at [mem 0xdfff0200-0xdfff023f]
Sep 23 13:36:31 flhember kernel: [    0.002040] ACPI: Reserving APIC table memory at [mem 0xdfff0240-0xdfff0293]
Sep 23 13:36:31 flhember kernel: [    0.002040] ACPI: Reserving SSDT table memory at [mem 0xdfff02a0-0xdfff046b]
Sep 23 13:36:31 flhember kernel: [    0.002222] No NUMA configuration found
Sep 23 13:36:31 flhember kernel: [    0.002222] Faking a node at [mem 0x0000000000000000-0x000000011d7fffff]
Sep 23 13:36:31 flhember kernel: [    0.002225] NODE_DATA(0) allocated [mem 0x11d7fa000-0x11d7fdfff]
Sep 23 13:36:31 flhember kernel: [    0.002239] Zone ranges:
Sep 23 13:36:31 flhember kernel: [    0.002240]   DMA      [mem 0x0000000000001000-0x0000000000ffffff]
Sep 23 13:36:31 flhember kernel: [    0.002241]   DMA32    [mem 0x0000000001000000-0x00000000ffffffff]
Sep 23 13:36:31 flhember kernel: [    0.002243]   Normal   [mem 0x0000000100000000-0x000000011d7fffff]
Sep 23 13:36:31 flhember kernel: [    0.002244] Movable zone start for each node
Sep 23 13:36:31 flhember kernel: [    0.002245] Early memory node ranges
Sep 23 13:36:31 flhember kernel: [    0.002245]   node   0: [mem 0x0000000000001000-0x000000000009efff]
Sep 23 13:36:31 flhember kernel: [    0.002246]   node   0: [mem 0x0000000000100000-0x00000000dffeffff]
Sep 23 13:36:31 flhember kernel: [    0.002248]   node   0: [mem 0x0000000100000000-0x000000011d7fffff]
Sep 23 13:36:31 flhember kernel: [    0.002249] Initmem setup node 0 [mem 0x0000000000001000-0x000000011d7fffff]
Sep 23 13:36:31 flhember kernel: [    0.002458] On node 0, zone DMA: 1 pages in unavailable ranges
Sep 23 13:36:31 flhember kernel: [    0.002474] On node 0, zone DMA: 97 pages in unavailable ranges
Sep 23 13:36:31 flhember kernel: [    0.013110] On node 0, zone Normal: 16 pages in unavailable ranges
Sep 23 13:36:31 flhember kernel: [    0.013226] On node 0, zone Normal: 10240 pages in unavailable ranges
Sep 23 13:36:31 flhember kernel: [    0.013608] ACPI: PM-Timer IO Port: 0x4008
Sep 23 13:36:31 flhember kernel: [    0.013670] IOAPIC[0]: apic_id 1, version 32, address 0xfec00000, GSI 0-23
Sep 23 13:36:31 flhember kernel: [    0.013674] ACPI: INT_SRC_OVR (bus 0 bus_irq 0 global_irq 2 dfl dfl)
Sep 23 13:36:31 flhember kernel: [    0.013675] ACPI: INT_SRC_OVR (bus 0 bus_irq 9 global_irq 9 low level)
Sep 23 13:36:31 flhember kernel: [    0.013680] ACPI: Using ACPI (MADT) for SMP configuration information
Sep 23 13:36:31 flhember kernel: [    0.013686] smpboot: Allowing 1 CPUs, 0 hotplug CPUs
Sep 23 13:36:31 flhember kernel: [    0.013707] PM: hibernation: Registered nosave memory: [mem 0x00000000-0x00000fff]
Sep 23 13:36:31 flhember kernel: [    0.013708] PM: hibernation: Registered nosave memory: [mem 0x0009f000-0x0009ffff]
Sep 23 13:36:31 flhember kernel: [    0.013709] PM: hibernation: Registered nosave memory: [mem 0x000a0000-0x000effff]
Sep 23 13:36:31 flhember kernel: [    0.013710] PM: hibernation: Registered nosave memory: [mem 0x000f0000-0x000fffff]
Sep 23 13:36:31 flhember kernel: [    0.013711] PM: hibernation: Registered nosave memory: [mem 0xdfff0000-0xdfffffff]
Sep 23 13:36:31 flhember kernel: [    0.013712] PM: hibernation: Registered nosave memory: [mem 0xe0000000-0xfebfffff]
Sep 23 13:36:31 flhember kernel: [    0.013713] PM: hibernation: Registered nosave memory: [mem 0xfec00000-0xfec00fff]
Sep 23 13:36:31 flhember kernel: [    0.013713] PM: hibernation: Registered nosave memory: [mem 0xfec01000-0xfedfffff]
Sep 23 13:36:31 flhember kernel: [    0.013714] PM: hibernation: Registered nosave memory: [mem 0xfee00000-0xfee00fff]
Sep 23 13:36:31 flhember kernel: [    0.013715] PM: hibernation: Registered nosave memory: [mem 0xfee01000-0xfffbffff]
Sep 23 13:36:31 flhember kernel: [    0.013715] PM: hibernation: Registered nosave memory: [mem 0xfffc0000-0xffffffff]
Sep 23 13:36:31 flhember kernel: [    0.013717] [mem 0xe0000000-0xfebfffff] available for PCI devices
Sep 23 13:36:31 flhember kernel: [    0.013718] Booting paravirtualized kernel on KVM
Sep 23 13:36:31 flhember kernel: [    0.013719] clocksource: refined-jiffies: mask: 0xffffffff max_cycles: 0xffffffff, max_idle_ns: 1910969940391419 ns
Sep 23 13:36:31 flhember kernel: [    0.019140] setup_percpu: NR_CPUS:64 nr_cpumask_bits:64 nr_cpu_ids:1 nr_node_ids:1
Sep 23 13:36:31 flhember kernel: [    0.019439] percpu: Embedded 52 pages/cpu s176104 r8192 d28696 u2097152
Sep 23 13:36:31 flhember kernel: [    0.019446] pcpu-alloc: s176104 r8192 d28696 u2097152 alloc=1*2097152
Sep 23 13:36:31 flhember kernel: [    0.019448] pcpu-alloc: [0] 0 
Sep 23 13:36:31 flhember kernel: [    0.019466] Fallback order for Node 0: 0 
Sep 23 13:36:31 flhember kernel: [    0.019468] Built 1 zonelists, mobility grouping on.  Total pages: 1021840
Sep 23 13:36:31 flhember kernel: [    0.019470] Policy zone: Normal
Sep 23 13:36:31 flhember kernel: [    0.019471] Kernel command line: BOOT_IMAGE=/vmlinuz-5.19.2-flhember root=/dev/sda3 ro
Sep 23 13:36:31 flhember kernel: [    0.019494] Unknown kernel command line parameters "BOOT_IMAGE=/vmlinuz-5.19.2-flhember", will be passed to user space.
Sep 23 13:36:31 flhember kernel: [    0.020047] Dentry cache hash table entries: 524288 (order: 10, 4194304 bytes, linear)
Sep 23 13:36:31 flhember kernel: [    0.020323] Inode-cache hash table entries: 262144 (order: 9, 2097152 bytes, linear)
Sep 23 13:36:31 flhember kernel: [    0.020360] mem auto-init: stack:all(zero), heap alloc:off, heap free:off
Sep 23 13:36:31 flhember kernel: [    0.041247] Memory: 3972704K/4152888K available (18444K kernel code, 2778K rwdata, 6172K rodata, 1572K init, 2200K bss, 179924K reserved, 0K cma-reserved)
Sep 23 13:36:31 flhember kernel: [    0.041279] SLUB: HWalign=64, Order=0-3, MinObjects=0, CPUs=1, Nodes=1
Sep 23 13:36:31 flhember kernel: [    0.041288] Kernel/User page tables isolation: enabled
Sep 23 13:36:31 flhember kernel: [    0.042231] Dynamic Preempt: voluntary
Sep 23 13:36:31 flhember kernel: [    0.042465] rcu: Preemptible hierarchical RCU implementation.
Sep 23 13:36:31 flhember kernel: [    0.042466] rcu: ^IRCU event tracing is enabled.
Sep 23 13:36:31 flhember kernel: [    0.042467] rcu: ^IRCU restricting CPUs from NR_CPUS=64 to nr_cpu_ids=1.
Sep 23 13:36:31 flhember kernel: [    0.042468] ^ITrampoline variant of Tasks RCU enabled.
Sep 23 13:36:31 flhember kernel: [    0.042469] rcu: RCU calculated value of scheduler-enlistment delay is 100 jiffies.
Sep 23 13:36:31 flhember kernel: [    0.042470] rcu: Adjusting geometry for rcu_fanout_leaf=16, nr_cpu_ids=1
Sep 23 13:36:31 flhember kernel: [    0.043784] NR_IRQS: 4352, nr_irqs: 256, preallocated irqs: 16
Sep 23 13:36:31 flhember kernel: [    0.043950] rcu: srcu_init: Setting srcu_struct sizes based on contention.
Sep 23 13:36:31 flhember kernel: [    0.044035] random: crng init done
Sep 23 13:36:31 flhember kernel: [    0.047824] Console: colour VGA+ 80x25
Sep 23 13:36:31 flhember kernel: [    0.085432] printk: console [tty0] enabled
Sep 23 13:36:31 flhember kernel: [    0.085695] ACPI: Core revision 20220331
Sep 23 13:36:31 flhember kernel: [    0.086031] APIC: Switch to symmetric I/O mode setup
Sep 23 13:36:31 flhember kernel: [    0.086589] x2apic enabled
Sep 23 13:36:31 flhember kernel: [    0.087053] Switched APIC routing to physical x2apic.
Sep 23 13:36:31 flhember kernel: [    0.088614] ..TIMER: vector=0x30 apic1=0 pin1=2 apic2=-1 pin2=-1
Sep 23 13:36:31 flhember kernel: [    0.088944] clocksource: tsc-early: mask: 0xffffffffffffffff max_cycles: 0x19f22aa45f0, max_idle_ns: 440795269146 ns
Sep 23 13:36:31 flhember kernel: [    0.089497] Calibrating delay loop (skipped) preset value.. 3600.00 BogoMIPS (lpj=1800001)
Sep 23 13:36:31 flhember kernel: [    0.089937] pid_max: default: 32768 minimum: 301
Sep 23 13:36:31 flhember kernel: [    0.090210] LSM: Security Framework initializing
Sep 23 13:36:31 flhember kernel: [    0.090476] SELinux:  Initializing.
Sep 23 13:36:31 flhember kernel: [    0.090492] Mount-cache hash table entries: 8192 (order: 4, 65536 bytes, linear)
Sep 23 13:36:31 flhember kernel: [    0.090492] Mountpoint-cache hash table entries: 8192 (order: 4, 65536 bytes, linear)
Sep 23 13:36:31 flhember kernel: [    0.090492] process: using mwait in idle threads
Sep 23 13:36:31 flhember kernel: [    0.090492] Last level iTLB entries: 4KB 64, 2MB 8, 4MB 8
Sep 23 13:36:31 flhember kernel: [    0.090492] Last level dTLB entries: 4KB 64, 2MB 0, 4MB 0, 1GB 4
Sep 23 13:36:31 flhember kernel: [    0.090492] Spectre V1 : Mitigation: usercopy/swapgs barriers and __user pointer sanitization
Sep 23 13:36:31 flhember kernel: [    0.090492] Spectre V2 : Mitigation: Retpolines
Sep 23 13:36:31 flhember kernel: [    0.090492] Spectre V2 : Spectre v2 / SpectreRSB mitigation: Filling RSB on context switch
Sep 23 13:36:31 flhember kernel: [    0.090492] Spectre V2 : Spectre v2 / SpectreRSB : Filling RSB on VMEXIT
Sep 23 13:36:31 flhember kernel: [    0.090497] RETBleed: WARNING: Spectre v2 mitigation leaves CPU vulnerable to RETBleed attacks, data leaks possible!
Sep 23 13:36:31 flhember kernel: [    0.091011] RETBleed: Vulnerable
Sep 23 13:36:31 flhember kernel: [    0.091236] Speculative Store Bypass: Vulnerable
Sep 23 13:36:31 flhember kernel: [    0.091492] MDS: Mitigation: Clear CPU buffers
Sep 23 13:36:31 flhember kernel: [    0.091492] MMIO Stale Data: Mitigation: Clear CPU buffers
Sep 23 13:36:31 flhember kernel: [    0.091492] SRBDS: Unknown: Dependent on hypervisor status
Sep 23 13:36:31 flhember kernel: [    0.119927] Freeing SMP alternatives memory: 44K
Sep 23 13:36:31 flhember kernel: [    0.224621] smpboot: CPU0: Intel(R) Core(TM) i5-8250U CPU @ 1.60GHz (family: 0x6, model: 0x8e, stepping: 0xa)
Sep 23 13:36:31 flhember kernel: [    0.225265] cblist_init_generic: Setting adjustable number of callback queues.
Sep 23 13:36:31 flhember kernel: [    0.225492] cblist_init_generic: Setting shift to 0 and lim to 1.
Sep 23 13:36:31 flhember kernel: [    0.225492] Performance Events: unsupported p6 CPU model 142 no PMU driver, software events only.
Sep 23 13:36:31 flhember kernel: [    0.225492] rcu: Hierarchical SRCU implementation.
Sep 23 13:36:31 flhember kernel: [    0.225492] rcu: ^IMax phase no-delay instances is 400.
Sep 23 13:36:31 flhember kernel: [    0.225492] smp: Bringing up secondary CPUs ...
Sep 23 13:36:31 flhember kernel: [    0.225492] smp: Brought up 1 node, 1 CPU
Sep 23 13:36:31 flhember kernel: [    0.225492] smpboot: Max logical packages: 1
Sep 23 13:36:31 flhember kernel: [    0.225492] smpboot: Total of 1 processors activated (3600.00 BogoMIPS)
Sep 23 13:36:31 flhember kernel: [    0.226620] devtmpfs: initialized
Sep 23 13:36:31 flhember kernel: [    0.227023] clocksource: jiffies: mask: 0xffffffff max_cycles: 0xffffffff, max_idle_ns: 1911260446275000 ns
Sep 23 13:36:31 flhember kernel: [    0.227492] futex hash table entries: 256 (order: 2, 16384 bytes, linear)
Sep 23 13:36:31 flhember kernel: [    0.227492] pinctrl core: initialized pinctrl subsystem
Sep 23 13:36:31 flhember kernel: [    0.227493] PM: RTC time: 11:36:16, date: 2022-09-23
Sep 23 13:36:31 flhember kernel: [    0.228525] NET: Registered PF_NETLINK/PF_ROUTE protocol family
Sep 23 13:36:31 flhember kernel: [    0.228900] audit: initializing netlink subsys (disabled)
Sep 23 13:36:31 flhember kernel: [    0.229268] thermal_sys: Registered thermal governor 'step_wise'
Sep 23 13:36:31 flhember kernel: [    0.229269] thermal_sys: Registered thermal governor 'user_space'
Sep 23 13:36:31 flhember kernel: [    0.229492] cpuidle: using governor menu
Sep 23 13:36:31 flhember kernel: [    0.229519] PCI: Using configuration type 1 for base access
Sep 23 13:36:31 flhember kernel: [    0.232499] audit: type=2000 audit(1663933045.483:1): state=initialized audit_enabled=0 res=1
Sep 23 13:36:31 flhember kernel: [    0.233316] kprobes: kprobe jump-optimization is enabled. All kprobes are optimized if possible.
Sep 23 13:36:31 flhember kernel: [    0.325129] HugeTLB: can optimize 7 vmemmap pages for hugepages-2048kB
Sep 23 13:36:31 flhember kernel: [    0.325472] HugeTLB registered 2.00 MiB page size, pre-allocated 0 pages
Sep 23 13:36:31 flhember kernel: [    0.325492] ACPI: Added _OSI(Module Device)
Sep 23 13:36:31 flhember kernel: [    0.325492] ACPI: Added _OSI(Processor Device)
Sep 23 13:36:31 flhember kernel: [    0.325492] ACPI: Added _OSI(3.0 _SCP Extensions)
Sep 23 13:36:31 flhember kernel: [    0.325492] ACPI: Added _OSI(Processor Aggregator Device)
Sep 23 13:36:31 flhember kernel: [    0.325492] ACPI: Added _OSI(Linux-Dell-Video)
Sep 23 13:36:31 flhember kernel: [    0.325492] ACPI: Added _OSI(Linux-Lenovo-NV-HDMI-Audio)
Sep 23 13:36:31 flhember kernel: [    0.325492] ACPI: Added _OSI(Linux-HPI-Hybrid-Graphics)
Sep 23 13:36:31 flhember kernel: [    0.328628] ACPI: 2 ACPI AML tables successfully acquired and loaded
Sep 23 13:36:31 flhember kernel: [    0.331380] ACPI: Interpreter enabled
Sep 23 13:36:31 flhember kernel: [    0.331492] ACPI: PM: (supports S0 S5)
Sep 23 13:36:31 flhember kernel: [    0.331492] ACPI: Using IOAPIC for interrupt routing
Sep 23 13:36:31 flhember kernel: [    0.331608] PCI: Using host bridge windows from ACPI; if necessary, use "pci=nocrs" and report a bug
Sep 23 13:36:31 flhember kernel: [    0.332077] PCI: Using E820 reservations for host bridge windows
Sep 23 13:36:31 flhember kernel: [    0.332484] ACPI: Enabled 2 GPEs in block 00 to 07
Sep 23 13:36:31 flhember kernel: [    0.336867] ACPI: PCI Root Bridge [PCI0] (domain 0000 [bus 00-ff])
Sep 23 13:36:31 flhember kernel: [    0.337197] acpi PNP0A03:00: _OSC: OS supports [ASPM ClockPM Segments MSI HPX-Type3]
Sep 23 13:36:31 flhember kernel: [    0.337492] acpi PNP0A03:00: _OSC: not requesting OS control; OS requires [ExtendedConfig ASPM ClockPM MSI]
Sep 23 13:36:31 flhember kernel: [    0.337492] acpi PNP0A03:00: fail to add MMCONFIG information, can't access extended PCI configuration space under this bridge.
Sep 23 13:36:31 flhember kernel: [    0.338552] PCI host bridge to bus 0000:00
Sep 23 13:36:31 flhember kernel: [    0.338800] pci_bus 0000:00: root bus resource [io  0x0000-0x0cf7 window]
Sep 23 13:36:31 flhember kernel: [    0.339130] pci_bus 0000:00: root bus resource [io  0x0d00-0xffff window]
Sep 23 13:36:31 flhember kernel: [    0.339460] pci_bus 0000:00: root bus resource [mem 0x000a0000-0x000bffff window]
Sep 23 13:36:31 flhember kernel: [    0.339492] pci_bus 0000:00: root bus resource [mem 0xe0000000-0xfdffffff window]
Sep 23 13:36:31 flhember kernel: [    0.339492] pci_bus 0000:00: root bus resource [bus 00-ff]
Sep 23 13:36:31 flhember kernel: [    0.341497] pci 0000:00:00.0: [8086:1237] type 00 class 0x060000
Sep 23 13:36:31 flhember kernel: [    0.342235] pci 0000:00:01.0: [8086:7000] type 00 class 0x060100
Sep 23 13:36:31 flhember kernel: [    0.343084] pci 0000:00:01.1: [8086:7111] type 00 class 0x01018a
Sep 23 13:36:31 flhember kernel: [    0.343725] pci 0000:00:01.1: reg 0x20: [io  0xd000-0xd00f]
Sep 23 13:36:31 flhember kernel: [    0.344158] pci 0000:00:01.1: legacy IDE quirk: reg 0x10: [io  0x01f0-0x01f7]
Sep 23 13:36:31 flhember kernel: [    0.344492] pci 0000:00:01.1: legacy IDE quirk: reg 0x14: [io  0x03f6]
Sep 23 13:36:31 flhember kernel: [    0.344492] pci 0000:00:01.1: legacy IDE quirk: reg 0x18: [io  0x0170-0x0177]
Sep 23 13:36:31 flhember kernel: [    0.344492] pci 0000:00:01.1: legacy IDE quirk: reg 0x1c: [io  0x0376]
Sep 23 13:36:31 flhember kernel: [    0.345599] pci 0000:00:02.0: [15ad:0405] type 00 class 0x030000
Sep 23 13:36:31 flhember kernel: [    0.347748] pci 0000:00:02.0: reg 0x10: [io  0xd010-0xd01f]
Sep 23 13:36:31 flhember kernel: [    0.349735] pci 0000:00:02.0: reg 0x14: [mem 0xe0000000-0xe0ffffff pref]
Sep 23 13:36:31 flhember kernel: [    0.350734] pci 0000:00:02.0: reg 0x18: [mem 0xf0000000-0xf01fffff]
Sep 23 13:36:31 flhember kernel: [    0.357639] pci 0000:00:02.0: Video device with shadowed ROM at [mem 0x000c0000-0x000dffff]
Sep 23 13:36:31 flhember kernel: [    0.358787] pci 0000:00:03.0: [8086:100e] type 00 class 0x020000
Sep 23 13:36:31 flhember kernel: [    0.361517] pci 0000:00:03.0: reg 0x10: [mem 0xf0200000-0xf021ffff]
Sep 23 13:36:31 flhember kernel: [    0.365531] pci 0000:00:03.0: reg 0x18: [io  0xd020-0xd027]
Sep 23 13:36:31 flhember kernel: [    0.373764] pci 0000:00:04.0: [80ee:cafe] type 00 class 0x088000
Sep 23 13:36:31 flhember kernel: [    0.374584] pci 0000:00:04.0: reg 0x10: [io  0xd040-0xd05f]
Sep 23 13:36:31 flhember kernel: [    0.376590] pci 0000:00:04.0: reg 0x14: [mem 0xf0400000-0xf07fffff]
Sep 23 13:36:31 flhember kernel: [    0.379547] pci 0000:00:04.0: reg 0x18: [mem 0xf0800000-0xf0803fff pref]
Sep 23 13:36:31 flhember kernel: [    0.389524] pci 0000:00:05.0: [8086:2415] type 00 class 0x040100
Sep 23 13:36:31 flhember kernel: [    0.389953] pci 0000:00:05.0: reg 0x10: [io  0xd100-0xd1ff]
Sep 23 13:36:31 flhember kernel: [    0.390301] pci 0000:00:05.0: reg 0x14: [io  0xd200-0xd23f]
Sep 23 13:36:31 flhember kernel: [    0.390913] pci 0000:00:06.0: [106b:003f] type 00 class 0x0c0310
Sep 23 13:36:31 flhember kernel: [    0.392517] pci 0000:00:06.0: reg 0x10: [mem 0xf0804000-0xf0804fff]
Sep 23 13:36:31 flhember kernel: [    0.406673] pci 0000:00:07.0: [8086:7113] type 00 class 0x068000
Sep 23 13:36:31 flhember kernel: [    0.407798] pci 0000:00:07.0: quirk: [io  0x4000-0x403f] claimed by PIIX4 ACPI
Sep 23 13:36:31 flhember kernel: [    0.408214] pci 0000:00:07.0: quirk: [io  0x4100-0x410f] claimed by PIIX4 SMB
Sep 23 13:36:31 flhember kernel: [    0.408732] pci 0000:00:0d.0: [8086:2829] type 00 class 0x010601
Sep 23 13:36:31 flhember kernel: [    0.410531] pci 0000:00:0d.0: reg 0x10: [io  0xd240-0xd247]
Sep 23 13:36:31 flhember kernel: [    0.411580] pci 0000:00:0d.0: reg 0x14: [io  0xd248-0xd24b]
Sep 23 13:36:31 flhember kernel: [    0.413581] pci 0000:00:0d.0: reg 0x18: [io  0xd250-0xd257]
Sep 23 13:36:31 flhember kernel: [    0.416516] pci 0000:00:0d.0: reg 0x1c: [io  0xd258-0xd25b]
Sep 23 13:36:31 flhember kernel: [    0.418533] pci 0000:00:0d.0: reg 0x20: [io  0xd260-0xd26f]
Sep 23 13:36:31 flhember kernel: [    0.420544] pci 0000:00:0d.0: reg 0x24: [mem 0xf0806000-0xf0807fff]
Sep 23 13:36:31 flhember kernel: [    0.430681] ACPI: PCI: Interrupt link LNKA configured for IRQ 11
Sep 23 13:36:31 flhember kernel: [    0.431217] ACPI: PCI: Interrupt link LNKB configured for IRQ 10
Sep 23 13:36:31 flhember kernel: [    0.431560] ACPI: PCI: Interrupt link LNKC configured for IRQ 9
Sep 23 13:36:31 flhember kernel: [    0.431942] ACPI: PCI: Interrupt link LNKD configured for IRQ 11
Sep 23 13:36:31 flhember kernel: [    0.432386] iommu: Default domain type: Translated 
Sep 23 13:36:31 flhember kernel: [    0.432492] iommu: DMA domain TLB invalidation policy: lazy mode 
Sep 23 13:36:31 flhember kernel: [    0.432492] SCSI subsystem initialized
Sep 23 13:36:31 flhember kernel: [    0.432492] libata version 3.00 loaded.
Sep 23 13:36:31 flhember kernel: [    0.432516] ACPI: bus type USB registered
Sep 23 13:36:31 flhember kernel: [    0.432787] usbcore: registered new interface driver usbfs
Sep 23 13:36:31 flhember kernel: [    0.433081] usbcore: registered new interface driver hub
Sep 23 13:36:31 flhember kernel: [    0.433367] usbcore: registered new device driver usb
Sep 23 13:36:31 flhember kernel: [    0.433492] pps_core: LinuxPPS API ver. 1 registered
Sep 23 13:36:31 flhember kernel: [    0.433492] pps_core: Software ver. 5.3.6 - Copyright 2005-2007 Rodolfo Giometti <giometti@linux.it>
Sep 23 13:36:31 flhember kernel: [    0.433492] PTP clock support registered
Sep 23 13:36:31 flhember kernel: [    0.433492] Advanced Linux Sound Architecture Driver Initialized.
Sep 23 13:36:31 flhember kernel: [    0.433492] NetLabel: Initializing
Sep 23 13:36:31 flhember kernel: [    0.433492] NetLabel:  domain hash size = 128
Sep 23 13:36:31 flhember kernel: [    0.433492] NetLabel:  protocols = UNLABELED CIPSOv4 CALIPSO
Sep 23 13:36:31 flhember kernel: [    0.433492] NetLabel:  unlabeled traffic allowed by default
Sep 23 13:36:31 flhember kernel: [    0.433492] PCI: Using ACPI for IRQ routing
Sep 23 13:36:31 flhember kernel: [    0.433492] PCI: pci_cache_line_size set to 64 bytes
Sep 23 13:36:31 flhember kernel: [    0.436556] e820: reserve RAM buffer [mem 0x0009fc00-0x0009ffff]
Sep 23 13:36:31 flhember kernel: [    0.436561] e820: reserve RAM buffer [mem 0xdfff0000-0xdfffffff]
Sep 23 13:36:31 flhember kernel: [    0.436562] e820: reserve RAM buffer [mem 0x11d800000-0x11fffffff]
Sep 23 13:36:31 flhember kernel: [    0.436605] pci 0000:00:02.0: vgaarb: setting as boot VGA device
Sep 23 13:36:31 flhember kernel: [    0.437012] pci 0000:00:02.0: vgaarb: bridge control possible
Sep 23 13:36:31 flhember kernel: [    0.437386] pci 0000:00:02.0: vgaarb: VGA device added: decodes=io+mem,owns=io+mem,locks=none
Sep 23 13:36:31 flhember kernel: [    0.437495] vgaarb: loaded
Sep 23 13:36:31 flhember kernel: [    0.437849] clocksource: Switched to clocksource kvm-clock
Sep 23 13:36:31 flhember kernel: [    0.447384] VFS: Disk quotas dquot_6.6.0
Sep 23 13:36:31 flhember kernel: [    0.447384] VFS: Dquot-cache hash table entries: 512 (order 0, 4096 bytes)
Sep 23 13:36:31 flhember kernel: [    0.447384] pnp: PnP ACPI init
Sep 23 13:36:31 flhember kernel: [    0.450020] pnp: PnP ACPI: found 2 devices
Sep 23 13:36:31 flhember kernel: [    0.456374] clocksource: acpi_pm: mask: 0xffffff max_cycles: 0xffffff, max_idle_ns: 2085701024 ns
Sep 23 13:36:31 flhember kernel: [    0.456879] NET: Registered PF_INET protocol family
Sep 23 13:36:31 flhember kernel: [    0.457282] IP idents hash table entries: 65536 (order: 7, 524288 bytes, linear)
Sep 23 13:36:31 flhember kernel: [    0.457358] tcp_listen_portaddr_hash hash table entries: 2048 (order: 3, 32768 bytes, linear)
Sep 23 13:36:31 flhember kernel: [    0.457358] Table-perturb hash table entries: 65536 (order: 6, 262144 bytes, linear)
Sep 23 13:36:31 flhember kernel: [    0.457358] TCP established hash table entries: 32768 (order: 6, 262144 bytes, linear)
Sep 23 13:36:31 flhember kernel: [    0.457358] TCP bind hash table entries: 32768 (order: 7, 524288 bytes, linear)
Sep 23 13:36:31 flhember kernel: [    0.457358] TCP: Hash tables configured (established 32768 bind 32768)
Sep 23 13:36:31 flhember kernel: [    0.457358] UDP hash table entries: 2048 (order: 4, 65536 bytes, linear)
Sep 23 13:36:31 flhember kernel: [    0.457358] UDP-Lite hash table entries: 2048 (order: 4, 65536 bytes, linear)
Sep 23 13:36:31 flhember kernel: [    0.461619] NET: Registered PF_UNIX/PF_LOCAL protocol family
Sep 23 13:36:31 flhember kernel: [    0.462025] RPC: Registered named UNIX socket transport module.
Sep 23 13:36:31 flhember kernel: [    0.462330] RPC: Registered udp transport module.
Sep 23 13:36:31 flhember kernel: [    0.462549] RPC: Registered tcp transport module.
Sep 23 13:36:31 flhember kernel: [    0.462549] RPC: Registered tcp NFSv4.1 backchannel transport module.
Sep 23 13:36:31 flhember kernel: [    0.462549] pci_bus 0000:00: resource 4 [io  0x0000-0x0cf7 window]
Sep 23 13:36:31 flhember kernel: [    0.462549] pci_bus 0000:00: resource 5 [io  0x0d00-0xffff window]
Sep 23 13:36:31 flhember kernel: [    0.462549] pci_bus 0000:00: resource 6 [mem 0x000a0000-0x000bffff window]
Sep 23 13:36:31 flhember kernel: [    0.462549] pci_bus 0000:00: resource 7 [mem 0xe0000000-0xfdffffff window]
Sep 23 13:36:31 flhember kernel: [    0.464882] pci 0000:00:00.0: Limiting direct PCI/PCI transfers
Sep 23 13:36:31 flhember kernel: [    0.465205] pci 0000:00:01.0: Activating ISA DMA hang workarounds
Sep 23 13:36:31 flhember kernel: [    0.466798] PCI: CLS 0 bytes, default 64
Sep 23 13:36:31 flhember kernel: [    0.467083] PCI-DMA: Using software bounce buffering for IO (SWIOTLB)
Sep 23 13:36:31 flhember kernel: [    0.467404] software IO TLB: mapped [mem 0x00000000dbff0000-0x00000000dfff0000] (64MB)
Sep 23 13:36:31 flhember kernel: [    0.467522] RAPL PMU: API unit is 2^-32 Joules, 0 fixed counters, 10737418240 ms ovfl timer
Sep 23 13:36:31 flhember kernel: [    0.467522] clocksource: tsc: mask: 0xffffffffffffffff max_cycles: 0x19f22aa45f0, max_idle_ns: 440795269146 ns
Sep 23 13:36:31 flhember kernel: [    0.467522] clocksource: Switched to clocksource tsc
Sep 23 13:36:31 flhember kernel: [    0.467522] platform rtc_cmos: registered platform RTC device (no PNP device found)
Sep 23 13:36:31 flhember kernel: [    0.467522] Initialise system trusted keyrings
Sep 23 13:36:31 flhember kernel: [    0.467522] workingset: timestamp_bits=56 max_order=20 bucket_order=0
Sep 23 13:36:31 flhember kernel: [    0.471493] NFS: Registering the id_resolver key type
Sep 23 13:36:31 flhember kernel: [    0.471493] Key type id_resolver registered
Sep 23 13:36:31 flhember kernel: [    0.471493] Key type id_legacy registered
Sep 23 13:36:31 flhember kernel: [    0.471493] 9p: Installing v9fs 9p2000 file system support
Sep 23 13:36:31 flhember kernel: [    0.471493] Key type asymmetric registered
Sep 23 13:36:31 flhember kernel: [    0.471493] Asymmetric key parser 'x509' registered
Sep 23 13:36:31 flhember kernel: [    0.471493] Block layer SCSI generic (bsg) driver version 0.4 loaded (major 251)
Sep 23 13:36:31 flhember kernel: [    0.471493] io scheduler mq-deadline registered
Sep 23 13:36:31 flhember kernel: [    0.471493] io scheduler kyber registered
Sep 23 13:36:31 flhember kernel: [    0.481348] ACPI: AC: AC Adapter [AC] (off-line)
Sep 23 13:36:31 flhember kernel: [    0.481693] input: Power Button as /devices/LNXSYSTM:00/LNXPWRBN:00/input/input0
Sep 23 13:36:31 flhember kernel: [    0.482238] ACPI: button: Power Button [PWRF]
Sep 23 13:36:31 flhember kernel: [    0.482659] input: Sleep Button as /devices/LNXSYSTM:00/LNXSLPBN:00/input/input1
Sep 23 13:36:31 flhember kernel: [    0.483190] ACPI: button: Sleep Button [SLPF]
Sep 23 13:36:31 flhember kernel: [    0.484446] ACPI: video: Video Device [GFX0] (multi-head: yes  rom: no  post: no)
Sep 23 13:36:31 flhember kernel: [    0.484919] input: Video Bus as /devices/LNXSYSTM:00/LNXSYBUS:00/PNP0A03:00/LNXVIDEO:00/input/input2
Sep 23 13:36:31 flhember kernel: [    0.486127] ACPI: battery: Slot [BAT0] (battery present)
Sep 23 13:36:31 flhember kernel: [    0.486534] Serial: 8250/16550 driver, 4 ports, IRQ sharing enabled
Sep 23 13:36:31 flhember kernel: [    0.487184] Non-volatile memory driver v1.3
Sep 23 13:36:31 flhember kernel: [    0.487440] Linux agpgart interface v0.103
Sep 23 13:36:31 flhember kernel: [    0.487819] ACPI: bus type drm_connector registered
Sep 23 13:36:31 flhember kernel: [    0.489338] loop: module loaded
Sep 23 13:36:31 flhember kernel: [    0.489738] ahci 0000:00:0d.0: version 3.0
Sep 23 13:36:31 flhember kernel: [    0.490287] ahci 0000:00:0d.0: SSS flag set, parallel bus scan disabled
Sep 23 13:36:31 flhember kernel: [    0.490803] ahci 0000:00:0d.0: AHCI 0001.0100 32 slots 3 ports 3 Gbps 0x7 impl SATA mode
Sep 23 13:36:31 flhember kernel: [    0.491245] ahci 0000:00:0d.0: flags: 64bit ncq stag only ccc 
Sep 23 13:36:31 flhember kernel: [    0.492027] scsi host0: ahci
Sep 23 13:36:31 flhember kernel: [    0.492321] scsi host1: ahci
Sep 23 13:36:31 flhember kernel: [    0.492574] scsi host2: ahci
Sep 23 13:36:31 flhember kernel: [    0.492574] ata1: SATA max UDMA/133 abar m8192@0xf0806000 port 0xf0806100 irq 21
Sep 23 13:36:31 flhember kernel: [    0.492574] ata2: SATA max UDMA/133 abar m8192@0xf0806000 port 0xf0806180 irq 21
Sep 23 13:36:31 flhember kernel: [    0.492574] ata3: SATA max UDMA/133 abar m8192@0xf0806000 port 0xf0806200 irq 21
Sep 23 13:36:31 flhember kernel: [    0.494338] e100: Intel(R) PRO/100 Network Driver
Sep 23 13:36:31 flhember kernel: [    0.494604] e100: Copyright(c) 1999-2006 Intel Corporation
Sep 23 13:36:31 flhember kernel: [    0.494901] e1000: Intel(R) PRO/1000 Network Driver
Sep 23 13:36:31 flhember kernel: [    0.495101] e1000: Copyright (c) 1999-2006 Intel Corporation.
Sep 23 13:36:31 flhember kernel: [    0.800962] ata1: SATA link up 3.0 Gbps (SStatus 123 SControl 300)
Sep 23 13:36:31 flhember kernel: [    0.801493] ata1.00: ATA-6: VBOX HARDDISK, 1.0, max UDMA/133
Sep 23 13:36:31 flhember kernel: [    0.801807] ata1.00: 62914560 sectors, multi 128: LBA48 NCQ (depth 32)
Sep 23 13:36:31 flhember kernel: [    0.802469] ata1.00: configured for UDMA/133
Sep 23 13:36:31 flhember kernel: [    0.802789] scsi 0:0:0:0: Direct-Access     ATA      VBOX HARDDISK    1.0  PQ: 0 ANSI: 5
Sep 23 13:36:31 flhember kernel: [    0.803403] scsi 0:0:0:0: Attached scsi generic sg0 type 0
Sep 23 13:36:31 flhember kernel: [    0.803855] sd 0:0:0:0: [sda] 62914560 512-byte logical blocks: (32.2 GB/30.0 GiB)
Sep 23 13:36:31 flhember kernel: [    0.804283] sd 0:0:0:0: [sda] Write Protect is off
Sep 23 13:36:31 flhember kernel: [    0.804550] sd 0:0:0:0: [sda] Mode Sense: 00 3a 00 00
Sep 23 13:36:31 flhember kernel: [    0.804561] sd 0:0:0:0: [sda] Write cache: enabled, read cache: enabled, doesn't support DPO or FUA
Sep 23 13:36:31 flhember kernel: [    0.804829] sd 0:0:0:0: [sda] Preferred minimum I/O size 512 bytes
Sep 23 13:36:31 flhember kernel: [    0.813668]  sda: sda1 sda2 sda3
Sep 23 13:36:31 flhember kernel: [    0.814106] sd 0:0:0:0: [sda] Attached SCSI disk
Sep 23 13:36:31 flhember kernel: [    0.831602] e1000 0000:00:03.0 eth0: (PCI:33MHz:32-bit) 08:00:27:3e:39:d4
Sep 23 13:36:31 flhember kernel: [    0.831602] e1000 0000:00:03.0 eth0: Intel(R) PRO/1000 Network Connection
Sep 23 13:36:31 flhember kernel: [    0.831602] e1000e: Intel(R) PRO/1000 Network Driver
Sep 23 13:36:31 flhember kernel: [    0.831602] e1000e: Copyright(c) 1999 - 2015 Intel Corporation.
Sep 23 13:36:31 flhember kernel: [    0.831602] Intel(R) Wireless WiFi driver for Linux
Sep 23 13:36:31 flhember kernel: [    0.831602] ehci_hcd: USB 2.0 'Enhanced' Host Controller (EHCI) Driver
Sep 23 13:36:31 flhember kernel: [    0.831602] ehci-pci: EHCI PCI platform driver
Sep 23 13:36:31 flhember kernel: [    0.831602] ohci_hcd: USB 1.1 'Open' Host Controller (OHCI) Driver
Sep 23 13:36:31 flhember kernel: [    0.831602] ohci-pci: OHCI PCI platform driver
Sep 23 13:36:31 flhember kernel: [    0.835647] ohci-pci 0000:00:06.0: OHCI PCI host controller
Sep 23 13:36:31 flhember kernel: [    0.835979] ohci-pci 0000:00:06.0: new USB bus registered, assigned bus number 1
Sep 23 13:36:31 flhember kernel: [    0.836479] ohci-pci 0000:00:06.0: irq 22, io mem 0xf0804000
Sep 23 13:36:31 flhember kernel: [    0.889208] usb usb1: New USB device found, idVendor=1d6b, idProduct=0001, bcdDevice= 5.19
Sep 23 13:36:31 flhember kernel: [    0.889588] usb usb1: New USB device strings: Mfr=3, Product=2, SerialNumber=1
Sep 23 13:36:31 flhember kernel: [    0.889588] usb usb1: Product: OHCI PCI host controller
Sep 23 13:36:31 flhember kernel: [    0.889588] usb usb1: Manufacturer: Linux 5.19.2-i5-8250 ohci_hcd
Sep 23 13:36:31 flhember kernel: [    0.889588] usb usb1: SerialNumber: 0000:00:06.0
Sep 23 13:36:31 flhember kernel: [    0.893324] hub 1-0:1.0: USB hub found
Sep 23 13:36:31 flhember kernel: [    0.893852] hub 1-0:1.0: 12 ports detected
Sep 23 13:36:31 flhember kernel: [    0.895306] uhci_hcd: USB Universal Host Controller Interface driver
Sep 23 13:36:31 flhember kernel: [    0.895596] usbcore: registered new interface driver usblp
Sep 23 13:36:31 flhember kernel: [    0.895596] usbcore: registered new interface driver usb-storage
Sep 23 13:36:31 flhember kernel: [    0.895596] i8042: PNP: PS/2 Controller [PNP0303:PS2K,PNP0f03:PS2M] at 0x60,0x64 irq 1,12
Sep 23 13:36:31 flhember kernel: [    0.899198] serio: i8042 KBD port at 0x60,0x64 irq 1
Sep 23 13:36:31 flhember kernel: [    0.899438] serio: i8042 AUX port at 0x60,0x64 irq 12
Sep 23 13:36:31 flhember kernel: [    0.901004] input: AT Translated Set 2 keyboard as /devices/platform/i8042/serio0/input/input3
Sep 23 13:36:31 flhember kernel: [    0.901830] input: PC Speaker as /devices/platform/pcspkr/input/input5
Sep 23 13:36:31 flhember kernel: [    0.904508] rtc_cmos rtc_cmos: registered as rtc0
Sep 23 13:36:31 flhember kernel: [    0.904508] rtc_cmos rtc_cmos: alarms up to one day, 114 bytes nvram
Sep 23 13:36:31 flhember kernel: [    0.904508] fail to initialize ptp_kvm
Sep 23 13:36:31 flhember kernel: [    0.904508] device-mapper: ioctl: 4.47.0-ioctl (2022-07-28) initialised: dm-devel@redhat.com
Sep 23 13:36:31 flhember kernel: [    0.904508] intel_pstate: CPU model not supported
Sep 23 13:36:31 flhember kernel: [    0.904508] hid: raw HID events driver (C) Jiri Kosina
Sep 23 13:36:31 flhember kernel: [    0.904508] usbcore: registered new interface driver usbhid
Sep 23 13:36:31 flhember kernel: [    0.904508] usbhid: USB HID core driver
Sep 23 13:36:31 flhember kernel: [    0.912995] Initializing XFRM netlink socket
Sep 23 13:36:31 flhember kernel: [    0.913706] NET: Registered PF_INET6 protocol family
Sep 23 13:36:31 flhember kernel: [    0.913821] Segment Routing with IPv6
Sep 23 13:36:31 flhember kernel: [    0.913821] In-situ OAM (IOAM) with IPv6
Sep 23 13:36:31 flhember kernel: [    0.913821] sit: IPv6, IPv4 and MPLS over IPv4 tunneling driver
Sep 23 13:36:31 flhember kernel: [    0.913821] NET: Registered PF_PACKET protocol family
Sep 23 13:36:31 flhember kernel: [    0.913821] 9pnet: Installing 9P2000 support
Sep 23 13:36:31 flhember kernel: [    0.913821] Key type dns_resolver registered
Sep 23 13:36:31 flhember kernel: [    0.913821] IPI shorthand broadcast: enabled
Sep 23 13:36:31 flhember kernel: [    0.913821] sched_clock: Marking stable (867328558, 45493223)->(916507245, -3685464)
Sep 23 13:36:31 flhember kernel: [    0.919058] registered taskstats version 1
Sep 23 13:36:31 flhember kernel: [    0.919406] Loading compiled-in X.509 certificates
Sep 23 13:36:31 flhember kernel: [    0.919873] cryptomgr_test (48) used greatest stack depth: 15680 bytes left
Sep 23 13:36:31 flhember kernel: [    0.920395] cryptomgr_test (50) used greatest stack depth: 15520 bytes left
Sep 23 13:36:31 flhember kernel: [    0.921420] PM:   Magic number: 6:494:631
Sep 23 13:36:31 flhember kernel: [    0.921810] printk: console [netcon0] enabled
Sep 23 13:36:31 flhember kernel: [    0.922171] netconsole: network logging started
Sep 23 13:36:31 flhember kernel: [    0.922604] cfg80211: Loading compiled-in X.509 certificates for regulatory database
Sep 23 13:36:31 flhember kernel: [    0.923303] kworker/u2:0 (70) used greatest stack depth: 14712 bytes left
Sep 23 13:36:31 flhember kernel: [    0.924074] cfg80211: Loaded X.509 cert 'sforshee: 00b28ddf47aef9cea7'
Sep 23 13:36:31 flhember kernel: [    0.924479] ALSA device list:
Sep 23 13:36:31 flhember kernel: [    0.924732]   No soundcards found.
Sep 23 13:36:31 flhember kernel: [    0.925040] platform regulatory.0: Direct firmware load for regulatory.db failed with error -2
Sep 23 13:36:31 flhember kernel: [    0.925592] cfg80211: failed to load regulatory.db
Sep 23 13:36:31 flhember kernel: [    1.109737] input: ImExPS/2 Generic Explorer Mouse as /devices/platform/i8042/serio1/input/input6
Sep 23 13:36:31 flhember kernel: [    1.112110] ata2: SATA link up 3.0 Gbps (SStatus 123 SControl 300)
Sep 23 13:36:31 flhember kernel: [    1.113693] ata2.00: ATA-6: VBOX HARDDISK, 1.0, max UDMA/133
Sep 23 13:36:31 flhember kernel: [    1.114758] ata2.00: 41943040 sectors, multi 128: LBA48 NCQ (depth 32)
Sep 23 13:36:31 flhember kernel: [    1.116343] ata2.00: configured for UDMA/133
Sep 23 13:36:31 flhember kernel: [    1.117360] scsi 1:0:0:0: Direct-Access     ATA      VBOX HARDDISK    1.0  PQ: 0 ANSI: 5
Sep 23 13:36:31 flhember kernel: [    1.119297] sd 1:0:0:0: [sdb] 41943040 512-byte logical blocks: (21.5 GB/20.0 GiB)
Sep 23 13:36:31 flhember kernel: [    1.120772] sd 1:0:0:0: [sdb] Write Protect is off
Sep 23 13:36:31 flhember kernel: [    1.121682] sd 1:0:0:0: [sdb] Mode Sense: 00 3a 00 00
Sep 23 13:36:31 flhember kernel: [    1.121797] sd 1:0:0:0: Attached scsi generic sg1 type 0
Sep 23 13:36:31 flhember kernel: [    1.122838] sd 1:0:0:0: [sdb] Write cache: enabled, read cache: enabled, doesn't support DPO or FUA
Sep 23 13:36:31 flhember kernel: [    1.124805] sd 1:0:0:0: [sdb] Preferred minimum I/O size 512 bytes
Sep 23 13:36:31 flhember kernel: [    1.133923]  sdb: sdb1 sdb2 sdb3
Sep 23 13:36:31 flhember kernel: [    1.135064] sd 1:0:0:0: [sdb] Attached SCSI disk
Sep 23 13:36:31 flhember kernel: [    1.177568] usb 1-1: new full-speed USB device number 2 using ohci-pci
Sep 23 13:36:31 flhember kernel: [    1.410561] usb 1-1: New USB device found, idVendor=80ee, idProduct=0021, bcdDevice= 1.00
Sep 23 13:36:31 flhember kernel: [    1.412370] usb 1-1: New USB device strings: Mfr=1, Product=3, SerialNumber=0
Sep 23 13:36:31 flhember kernel: [    1.413669] usb 1-1: Product: USB Tablet
Sep 23 13:36:31 flhember kernel: [    1.414563] usb 1-1: Manufacturer: VirtualBox
Sep 23 13:36:31 flhember kernel: [    1.428827] input: VirtualBox USB Tablet as /devices/pci0000:00/0000:00:06.0/usb1/1-1/1-1:1.0/0003:80EE:0021.0001/input/input7
Sep 23 13:36:31 flhember kernel: [    1.431046] hid-generic 0003:80EE:0021.0001: input,hidraw0: USB HID v1.10 Mouse [VirtualBox USB Tablet] on usb-0000:00:06.0-1/input0
Sep 23 13:36:31 flhember kernel: [    1.433738] ata3: SATA link down (SStatus 0 SControl 300)
Sep 23 13:36:31 flhember kernel: [    1.434833] md: Waiting for all devices to be available before autodetect
Sep 23 13:36:31 flhember kernel: [    1.435986] md: If you don't use raid, use raid=noautodetect
Sep 23 13:36:31 flhember kernel: [    1.436980] md: Autodetecting RAID arrays.
Sep 23 13:36:31 flhember kernel: [    1.437807] md: autorun ...
Sep 23 13:36:31 flhember kernel: [    1.438485] md: ... autorun DONE.
Sep 23 13:36:31 flhember kernel: [    1.453692] EXT4-fs (sda3): mounted filesystem with ordered data mode. Quota mode: none.
Sep 23 13:36:31 flhember kernel: [    1.455467] VFS: Mounted root (ext4 filesystem) readonly on device 8:3.
Sep 23 13:36:31 flhember kernel: [    1.458540] devtmpfs: mounted
Sep 23 13:36:31 flhember kernel: [    1.460012] Freeing unused kernel image (initmem) memory: 1572K
Sep 23 13:36:31 flhember kernel: [    1.460815] Write protecting the kernel read-only data: 28672k
Sep 23 13:36:31 flhember kernel: [    1.462429] Freeing unused kernel image (text/rodata gap) memory: 2032K
Sep 23 13:36:31 flhember kernel: [    1.463947] Freeing unused kernel image (rodata/data gap) memory: 2020K
Sep 23 13:36:31 flhember kernel: [    1.464819] Run /sbin/init as init process
Sep 23 13:36:31 flhember kernel: [    1.465346]   with arguments:
Sep 23 13:36:31 flhember kernel: [    1.465347]     /sbin/init
Sep 23 13:36:31 flhember kernel: [    1.465349]   with environment:
Sep 23 13:36:31 flhember kernel: [    1.465350]     HOME=/
Sep 23 13:36:31 flhember kernel: [    1.465351]     TERM=linux
Sep 23 13:36:31 flhember kernel: [    1.465353]     BOOT_IMAGE=/vmlinuz-5.19.2-flhember
Sep 23 13:36:31 flhember kernel: [    1.505124] stty (80) used greatest stack depth: 13704 bytes left
Sep 23 13:36:31 flhember kernel: [    1.581094] ip (131) used greatest stack depth: 13352 bytes left
Sep 23 13:36:31 flhember kernel: [    1.582064] ip (132) used greatest stack depth: 13056 bytes left
Sep 23 13:36:31 flhember kernel: <30>[    1.614124] udevd[157]: starting version 3.2.11
Sep 23 13:36:31 flhember kernel: <30>[    1.630066] udevd[158]: starting eudev-3.2.11
Sep 23 13:36:31 flhember kernel: [    1.698795] e1000 0000:00:03.0 enp0s3: renamed from eth0
Sep 23 13:36:31 flhember kernel: [    2.804194] EXT4-fs (sda3): re-mounted. Quota mode: none.
Sep 23 13:36:31 flhember kernel: [   13.795253] EXT4-fs (sda3): re-mounted. Quota mode: none.
Sep 23 13:38:23 flhember kernel: [  127.284141] EXT4-fs (sdb1): VFS: Can't find ext4 filesystem
                                                  Sep 26 16:58:57 flhember kernel: klogd 1.5.1, log source = /proc/kmsg started.
Sep 26 16:58:57 flhember kernel: Cannot find map file.
Sep 26 16:58:57 flhember kernel: Loaded 141538 symbols from 1 module.
Sep 26 16:58:57 flhember kernel: [    0.000000] Linux version 5.19.2-i5-8250 (root@flhember-VirtualBox) (gcc (GCC) 12.2.0, GNU ld (GNU Binutils) 2.39) #1 SMP PREEMPT_DYNAMIC Thu Sep 22 20:20:27 CEST 2022
Sep 26 16:58:57 flhember kernel: [    0.000000] Command line: BOOT_IMAGE=/vmlinuz-5.19.2-flhember root=/dev/sdb3 ro
Sep 26 16:58:57 flhember kernel: [    0.000000] x86/fpu: Supporting XSAVE feature 0x001: 'x87 floating point registers'
Sep 26 16:58:57 flhember kernel: [    0.000000] x86/fpu: Supporting XSAVE feature 0x002: 'SSE registers'
Sep 26 16:58:57 flhember kernel: [    0.000000] x86/fpu: Supporting XSAVE feature 0x004: 'AVX registers'
Sep 26 16:58:57 flhember kernel: [    0.000000] x86/fpu: xstate_offset[2]:  576, xstate_sizes[2]:  256
Sep 26 16:58:57 flhember kernel: [    0.000000] x86/fpu: Enabled xstate features 0x7, context size is 832 bytes, using 'standard' format.
Sep 26 16:58:57 flhember kernel: [    0.000000] signal: max sigframe size: 1776
Sep 26 16:58:57 flhember kernel: [    0.000000] BIOS-provided physical RAM map:
Sep 26 16:58:57 flhember kernel: [    0.000000] BIOS-e820: [mem 0x0000000000000000-0x000000000009fbff] usable
Sep 26 16:58:57 flhember kernel: [    0.000000] BIOS-e820: [mem 0x000000000009fc00-0x000000000009ffff] reserved
Sep 26 16:58:57 flhember kernel: [    0.000000] BIOS-e820: [mem 0x00000000000f0000-0x00000000000fffff] reserved
Sep 26 16:58:57 flhember kernel: [    0.000000] BIOS-e820: [mem 0x0000000000100000-0x00000000dffeffff] usable
Sep 26 16:58:57 flhember kernel: [    0.000000] BIOS-e820: [mem 0x00000000dfff0000-0x00000000dfffffff] ACPI data
Sep 26 16:58:57 flhember kernel: [    0.000000] BIOS-e820: [mem 0x00000000fec00000-0x00000000fec00fff] reserved
Sep 26 16:58:57 flhember kernel: [    0.000000] BIOS-e820: [mem 0x00000000fee00000-0x00000000fee00fff] reserved
Sep 26 16:58:57 flhember kernel: [    0.000000] BIOS-e820: [mem 0x00000000fffc0000-0x00000000ffffffff] reserved
Sep 26 16:58:57 flhember kernel: [    0.000000] BIOS-e820: [mem 0x0000000100000000-0x000000011d7fffff] usable
Sep 26 16:58:57 flhember kernel: [    0.000000] NX (Execute Disable) protection: active
Sep 26 16:58:57 flhember kernel: [    0.000000] SMBIOS 2.5 present.
Sep 26 16:58:57 flhember kernel: [    0.000000] DMI: innotek GmbH VirtualBox/VirtualBox, BIOS VirtualBox 12/01/2006
Sep 26 16:58:57 flhember kernel: [    0.000000] Hypervisor detected: KVM
Sep 26 16:58:57 flhember kernel: [    0.000000] kvm-clock: Using msrs 4b564d01 and 4b564d00
Sep 26 16:58:57 flhember kernel: [    0.000001] kvm-clock: using sched offset of 128409267642 cycles
Sep 26 16:58:57 flhember kernel: [    0.000003] clocksource: kvm-clock: mask: 0xffffffffffffffff max_cycles: 0x1cd42e4dffb, max_idle_ns: 881590591483 ns
Sep 26 16:58:57 flhember kernel: [    0.000006] tsc: Detected 1799.999 MHz processor
Sep 26 16:58:57 flhember kernel: [    0.001473] e820: update [mem 0x00000000-0x00000fff] usable ==> reserved
Sep 26 16:58:57 flhember kernel: [    0.001478] e820: remove [mem 0x000a0000-0x000fffff] usable
Sep 26 16:58:57 flhember kernel: [    0.001483] last_pfn = 0x11d800 max_arch_pfn = 0x400000000
Sep 26 16:58:57 flhember kernel: [    0.001497] Disabled
Sep 26 16:58:57 flhember kernel: [    0.001498] x86/PAT: MTRRs disabled, skipping PAT initialization too.
Sep 26 16:58:57 flhember kernel: [    0.001500] CPU MTRRs all blank - virtualized system.
Sep 26 16:58:57 flhember kernel: [    0.001503] x86/PAT: Configuration [0-7]: WB  WT  UC- UC  WB  WT  UC- UC  
Sep 26 16:58:57 flhember kernel: [    0.001508] last_pfn = 0xdfff0 max_arch_pfn = 0x400000000
Sep 26 16:58:57 flhember kernel: [    0.001566] found SMP MP-table at [mem 0x0009fff0-0x0009ffff]
Sep 26 16:58:57 flhember kernel: [    0.001728] ACPI: Early table checksum verification disabled
Sep 26 16:58:57 flhember kernel: [    0.001731] ACPI: RSDP 0x00000000000E0000 000024 (v02 VBOX  )
Sep 26 16:58:57 flhember kernel: [    0.001736] ACPI: XSDT 0x00000000DFFF0030 00003C (v01 VBOX   VBOXXSDT 00000001 ASL  00000061)
Sep 26 16:58:57 flhember kernel: [    0.001742] ACPI: FACP 0x00000000DFFF00F0 0000F4 (v04 VBOX   VBOXFACP 00000001 ASL  00000061)
Sep 26 16:58:57 flhember kernel: [    0.001747] ACPI: DSDT 0x00000000DFFF0470 002325 (v02 VBOX   VBOXBIOS 00000002 INTL 20200925)
Sep 26 16:58:57 flhember kernel: [    0.001751] ACPI: FACS 0x00000000DFFF0200 000040
Sep 26 16:58:57 flhember kernel: [    0.001754] ACPI: FACS 0x00000000DFFF0200 000040
Sep 26 16:58:57 flhember kernel: [    0.001757] ACPI: APIC 0x00000000DFFF0240 000054 (v02 VBOX   VBOXAPIC 00000001 ASL  00000061)
Sep 26 16:58:57 flhember kernel: [    0.001761] ACPI: SSDT 0x00000000DFFF02A0 0001CC (v01 VBOX   VBOXCPUT 00000002 INTL 20200925)
Sep 26 16:58:57 flhember kernel: [    0.001763] ACPI: Reserving FACP table memory at [mem 0xdfff00f0-0xdfff01e3]
Sep 26 16:58:57 flhember kernel: [    0.001765] ACPI: Reserving DSDT table memory at [mem 0xdfff0470-0xdfff2794]
Sep 26 16:58:57 flhember kernel: [    0.001766] ACPI: Reserving FACS table memory at [mem 0xdfff0200-0xdfff023f]
Sep 26 16:58:57 flhember kernel: [    0.001766] ACPI: Reserving FACS table memory at [mem 0xdfff0200-0xdfff023f]
Sep 26 16:58:57 flhember kernel: [    0.001767] ACPI: Reserving APIC table memory at [mem 0xdfff0240-0xdfff0293]
Sep 26 16:58:57 flhember kernel: [    0.001768] ACPI: Reserving SSDT table memory at [mem 0xdfff02a0-0xdfff046b]
Sep 26 16:58:57 flhember kernel: [    0.001971] No NUMA configuration found
Sep 26 16:58:57 flhember kernel: [    0.001972] Faking a node at [mem 0x0000000000000000-0x000000011d7fffff]
Sep 26 16:58:57 flhember kernel: [    0.001975] NODE_DATA(0) allocated [mem 0x11d7fc000-0x11d7fffff]
Sep 26 16:58:57 flhember kernel: [    0.002225] Zone ranges:
Sep 26 16:58:57 flhember kernel: [    0.002226]   DMA      [mem 0x0000000000001000-0x0000000000ffffff]
Sep 26 16:58:57 flhember kernel: [    0.002228]   DMA32    [mem 0x0000000001000000-0x00000000ffffffff]
Sep 26 16:58:57 flhember kernel: [    0.002230]   Normal   [mem 0x0000000100000000-0x000000011d7fffff]
Sep 26 16:58:57 flhember kernel: [    0.002231] Movable zone start for each node
Sep 26 16:58:57 flhember kernel: [    0.002232] Early memory node ranges
Sep 26 16:58:57 flhember kernel: [    0.002232]   node   0: [mem 0x0000000000001000-0x000000000009efff]
Sep 26 16:58:57 flhember kernel: [    0.002233]   node   0: [mem 0x0000000000100000-0x00000000dffeffff]
Sep 26 16:58:57 flhember kernel: [    0.002235]   node   0: [mem 0x0000000100000000-0x000000011d7fffff]
Sep 26 16:58:57 flhember kernel: [    0.002236] Initmem setup node 0 [mem 0x0000000000001000-0x000000011d7fffff]
Sep 26 16:58:57 flhember kernel: [    0.002485] On node 0, zone DMA: 1 pages in unavailable ranges
Sep 26 16:58:57 flhember kernel: [    0.002501] On node 0, zone DMA: 97 pages in unavailable ranges
Sep 26 16:58:57 flhember kernel: [    0.013559] On node 0, zone Normal: 16 pages in unavailable ranges
Sep 26 16:58:57 flhember kernel: [    0.013672] On node 0, zone Normal: 10240 pages in unavailable ranges
Sep 26 16:58:57 flhember kernel: [    0.014064] ACPI: PM-Timer IO Port: 0x4008
Sep 26 16:58:57 flhember kernel: [    0.014125] IOAPIC[0]: apic_id 1, version 32, address 0xfec00000, GSI 0-23
Sep 26 16:58:57 flhember kernel: [    0.014129] ACPI: INT_SRC_OVR (bus 0 bus_irq 0 global_irq 2 dfl dfl)
Sep 26 16:58:57 flhember kernel: [    0.014130] ACPI: INT_SRC_OVR (bus 0 bus_irq 9 global_irq 9 low level)
Sep 26 16:58:57 flhember kernel: [    0.014135] ACPI: Using ACPI (MADT) for SMP configuration information
Sep 26 16:58:57 flhember kernel: [    0.014142] smpboot: Allowing 1 CPUs, 0 hotplug CPUs
Sep 26 16:58:57 flhember kernel: [    0.014164] PM: hibernation: Registered nosave memory: [mem 0x00000000-0x00000fff]
Sep 26 16:58:57 flhember kernel: [    0.014166] PM: hibernation: Registered nosave memory: [mem 0x0009f000-0x0009ffff]
Sep 26 16:58:57 flhember kernel: [    0.014166] PM: hibernation: Registered nosave memory: [mem 0x000a0000-0x000effff]
Sep 26 16:58:57 flhember kernel: [    0.014167] PM: hibernation: Registered nosave memory: [mem 0x000f0000-0x000fffff]
Sep 26 16:58:57 flhember kernel: [    0.014168] PM: hibernation: Registered nosave memory: [mem 0xdfff0000-0xdfffffff]
Sep 26 16:58:57 flhember kernel: [    0.014169] PM: hibernation: Registered nosave memory: [mem 0xe0000000-0xfebfffff]
Sep 26 16:58:57 flhember kernel: [    0.014170] PM: hibernation: Registered nosave memory: [mem 0xfec00000-0xfec00fff]
Sep 26 16:58:57 flhember kernel: [    0.014170] PM: hibernation: Registered nosave memory: [mem 0xfec01000-0xfedfffff]
Sep 26 16:58:57 flhember kernel: [    0.014171] PM: hibernation: Registered nosave memory: [mem 0xfee00000-0xfee00fff]
Sep 26 16:58:57 flhember kernel: [    0.014171] PM: hibernation: Registered nosave memory: [mem 0xfee01000-0xfffbffff]
Sep 26 16:58:57 flhember kernel: [    0.014172] PM: hibernation: Registered nosave memory: [mem 0xfffc0000-0xffffffff]
Sep 26 16:58:57 flhember kernel: [    0.014173] [mem 0xe0000000-0xfebfffff] available for PCI devices
Sep 26 16:58:57 flhember kernel: [    0.014175] Booting paravirtualized kernel on KVM
Sep 26 16:58:57 flhember kernel: [    0.014177] clocksource: refined-jiffies: mask: 0xffffffff max_cycles: 0xffffffff, max_idle_ns: 1910969940391419 ns
Sep 26 16:58:57 flhember kernel: [    0.019572] setup_percpu: NR_CPUS:64 nr_cpumask_bits:64 nr_cpu_ids:1 nr_node_ids:1
Sep 26 16:58:57 flhember kernel: [    0.019854] percpu: Embedded 52 pages/cpu s176104 r8192 d28696 u2097152
Sep 26 16:58:57 flhember kernel: [    0.019859] pcpu-alloc: s176104 r8192 d28696 u2097152 alloc=1*2097152
Sep 26 16:58:57 flhember kernel: [    0.019862] pcpu-alloc: [0] 0 
Sep 26 16:58:57 flhember kernel: [    0.019879] Fallback order for Node 0: 0 
Sep 26 16:58:57 flhember kernel: [    0.019881] Built 1 zonelists, mobility grouping on.  Total pages: 1021840
Sep 26 16:58:57 flhember kernel: [    0.019883] Policy zone: Normal
Sep 26 16:58:57 flhember kernel: [    0.019884] Kernel command line: BOOT_IMAGE=/vmlinuz-5.19.2-flhember root=/dev/sdb3 ro
Sep 26 16:58:57 flhember kernel: [    0.019907] Unknown kernel command line parameters "BOOT_IMAGE=/vmlinuz-5.19.2-flhember", will be passed to user space.
Sep 26 16:58:57 flhember kernel: [    0.020453] Dentry cache hash table entries: 524288 (order: 10, 4194304 bytes, linear)
Sep 26 16:58:57 flhember kernel: [    0.020730] Inode-cache hash table entries: 262144 (order: 9, 2097152 bytes, linear)
Sep 26 16:58:57 flhember kernel: [    0.020768] mem auto-init: stack:all(zero), heap alloc:off, heap free:off
Sep 26 16:58:57 flhember kernel: [    0.041327] Memory: 3972712K/4152888K available (18444K kernel code, 2778K rwdata, 6172K rodata, 1572K init, 2200K bss, 179916K reserved, 0K cma-reserved)
Sep 26 16:58:57 flhember kernel: [    0.041359] SLUB: HWalign=64, Order=0-3, MinObjects=0, CPUs=1, Nodes=1
Sep 26 16:58:57 flhember kernel: [    0.041367] Kernel/User page tables isolation: enabled
Sep 26 16:58:57 flhember kernel: [    0.042316] Dynamic Preempt: voluntary
Sep 26 16:58:57 flhember kernel: [    0.042545] rcu: Preemptible hierarchical RCU implementation.
Sep 26 16:58:57 flhember kernel: [    0.042546] rcu: ^IRCU event tracing is enabled.
Sep 26 16:58:57 flhember kernel: [    0.042547] rcu: ^IRCU restricting CPUs from NR_CPUS=64 to nr_cpu_ids=1.
Sep 26 16:58:57 flhember kernel: [    0.042548] ^ITrampoline variant of Tasks RCU enabled.
Sep 26 16:58:57 flhember kernel: [    0.042549] rcu: RCU calculated value of scheduler-enlistment delay is 100 jiffies.
Sep 26 16:58:57 flhember kernel: [    0.042550] rcu: Adjusting geometry for rcu_fanout_leaf=16, nr_cpu_ids=1
Sep 26 16:58:57 flhember kernel: [    0.043849] NR_IRQS: 4352, nr_irqs: 256, preallocated irqs: 16
Sep 26 16:58:57 flhember kernel: [    0.044015] rcu: srcu_init: Setting srcu_struct sizes based on contention.
Sep 26 16:58:57 flhember kernel: [    0.044100] random: crng init done
Sep 26 16:58:57 flhember kernel: [    0.047886] Console: colour VGA+ 80x25
Sep 26 16:58:57 flhember kernel: [    0.084302] printk: console [tty0] enabled
Sep 26 16:58:57 flhember kernel: [    0.084555] ACPI: Core revision 20220331
Sep 26 16:58:57 flhember kernel: [    0.085069] APIC: Switch to symmetric I/O mode setup
Sep 26 16:58:57 flhember kernel: [    0.085714] x2apic enabled
Sep 26 16:58:57 flhember kernel: [    0.086306] Switched APIC routing to physical x2apic.
Sep 26 16:58:57 flhember kernel: [    0.088136] ..TIMER: vector=0x30 apic1=0 pin1=2 apic2=-1 pin2=-1
Sep 26 16:58:57 flhember kernel: [    0.088468] clocksource: tsc-early: mask: 0xffffffffffffffff max_cycles: 0x19f228ab7a2, max_idle_ns: 440795289252 ns
Sep 26 16:58:57 flhember kernel: [    0.088986] Calibrating delay loop (skipped) preset value.. 3599.99 BogoMIPS (lpj=1799999)
Sep 26 16:58:57 flhember kernel: [    0.089426] pid_max: default: 32768 minimum: 301
Sep 26 16:58:57 flhember kernel: [    0.089702] LSM: Security Framework initializing
Sep 26 16:58:57 flhember kernel: [    0.089975] SELinux:  Initializing.
Sep 26 16:58:57 flhember kernel: [    0.089983] Mount-cache hash table entries: 8192 (order: 4, 65536 bytes, linear)
Sep 26 16:58:57 flhember kernel: [    0.089983] Mountpoint-cache hash table entries: 8192 (order: 4, 65536 bytes, linear)
Sep 26 16:58:57 flhember kernel: [    0.089983] process: using mwait in idle threads
Sep 26 16:58:57 flhember kernel: [    0.089983] Last level iTLB entries: 4KB 64, 2MB 8, 4MB 8
Sep 26 16:58:57 flhember kernel: [    0.089983] Last level dTLB entries: 4KB 64, 2MB 0, 4MB 0, 1GB 4
Sep 26 16:58:57 flhember kernel: [    0.089989] Spectre V1 : Mitigation: usercopy/swapgs barriers and __user pointer sanitization
Sep 26 16:58:57 flhember kernel: [    0.090442] Spectre V2 : Mitigation: Retpolines
Sep 26 16:58:57 flhember kernel: [    0.090699] Spectre V2 : Spectre v2 / SpectreRSB mitigation: Filling RSB on context switch
Sep 26 16:58:57 flhember kernel: [    0.090983] Spectre V2 : Spectre v2 / SpectreRSB : Filling RSB on VMEXIT
Sep 26 16:58:57 flhember kernel: [    0.090983] RETBleed: WARNING: Spectre v2 mitigation leaves CPU vulnerable to RETBleed attacks, data leaks possible!
Sep 26 16:58:57 flhember kernel: [    0.090983] RETBleed: Vulnerable
Sep 26 16:58:57 flhember kernel: [    0.090983] Speculative Store Bypass: Vulnerable
Sep 26 16:58:57 flhember kernel: [    0.090983] MDS: Mitigation: Clear CPU buffers
Sep 26 16:58:57 flhember kernel: [    0.090984] MMIO Stale Data: Mitigation: Clear CPU buffers
Sep 26 16:58:57 flhember kernel: [    0.091272] SRBDS: Unknown: Dependent on hypervisor status
Sep 26 16:58:57 flhember kernel: [    0.120770] Freeing SMP alternatives memory: 44K
Sep 26 16:58:57 flhember kernel: [    0.225449] smpboot: CPU0: Intel(R) Core(TM) i5-8250U CPU @ 1.60GHz (family: 0x6, model: 0x8e, stepping: 0xa)
Sep 26 16:58:57 flhember kernel: [    0.225983] cblist_init_generic: Setting adjustable number of callback queues.
Sep 26 16:58:57 flhember kernel: [    0.225983] cblist_init_generic: Setting shift to 0 and lim to 1.
Sep 26 16:58:57 flhember kernel: [    0.225983] Performance Events: unsupported p6 CPU model 142 no PMU driver, software events only.
Sep 26 16:58:57 flhember kernel: [    0.225983] rcu: Hierarchical SRCU implementation.
Sep 26 16:58:57 flhember kernel: [    0.225983] rcu: ^IMax phase no-delay instances is 400.
Sep 26 16:58:57 flhember kernel: [    0.225983] smp: Bringing up secondary CPUs ...
Sep 26 16:58:57 flhember kernel: [    0.225983] smp: Brought up 1 node, 1 CPU
Sep 26 16:58:57 flhember kernel: [    0.225983] smpboot: Max logical packages: 1
Sep 26 16:58:57 flhember kernel: [    0.225983] smpboot: Total of 1 processors activated (3599.99 BogoMIPS)
Sep 26 16:58:57 flhember kernel: [    0.225983] devtmpfs: initialized
Sep 26 16:58:57 flhember kernel: [    0.225983] clocksource: jiffies: mask: 0xffffffff max_cycles: 0xffffffff, max_idle_ns: 1911260446275000 ns
Sep 26 16:58:57 flhember kernel: [    0.225983] futex hash table entries: 256 (order: 2, 16384 bytes, linear)
Sep 26 16:58:57 flhember kernel: [    0.225983] pinctrl core: initialized pinctrl subsystem
Sep 26 16:58:57 flhember kernel: [    0.225986] PM: RTC time: 14:58:54, date: 2022-09-26
Sep 26 16:58:57 flhember kernel: [    0.227028] NET: Registered PF_NETLINK/PF_ROUTE protocol family
Sep 26 16:58:57 flhember kernel: [    0.227515] audit: initializing netlink subsys (disabled)
Sep 26 16:58:57 flhember kernel: [    0.227983] thermal_sys: Registered thermal governor 'step_wise'
Sep 26 16:58:57 flhember kernel: [    0.227983] thermal_sys: Registered thermal governor 'user_space'
Sep 26 16:58:57 flhember kernel: [    0.227983] cpuidle: using governor menu
Sep 26 16:58:57 flhember kernel: [    0.228989] PCI: Using configuration type 1 for base access
Sep 26 16:58:57 flhember kernel: [    0.230990] audit: type=2000 audit(1664204463.970:1): state=initialized audit_enabled=0 res=1
Sep 26 16:58:57 flhember kernel: [    0.231983] kprobes: kprobe jump-optimization is enabled. All kprobes are optimized if possible.
Sep 26 16:58:57 flhember kernel: [    0.325493] HugeTLB: can optimize 7 vmemmap pages for hugepages-2048kB
Sep 26 16:58:57 flhember kernel: [    0.325834] HugeTLB registered 2.00 MiB page size, pre-allocated 0 pages
Sep 26 16:58:57 flhember kernel: [    0.325983] ACPI: Added _OSI(Module Device)
Sep 26 16:58:57 flhember kernel: [    0.325983] ACPI: Added _OSI(Processor Device)
Sep 26 16:58:57 flhember kernel: [    0.325983] ACPI: Added _OSI(3.0 _SCP Extensions)
Sep 26 16:58:57 flhember kernel: [    0.325983] ACPI: Added _OSI(Processor Aggregator Device)
Sep 26 16:58:57 flhember kernel: [    0.325983] ACPI: Added _OSI(Linux-Dell-Video)
Sep 26 16:58:57 flhember kernel: [    0.325983] ACPI: Added _OSI(Linux-Lenovo-NV-HDMI-Audio)
Sep 26 16:58:57 flhember kernel: [    0.325983] ACPI: Added _OSI(Linux-HPI-Hybrid-Graphics)
Sep 26 16:58:57 flhember kernel: [    0.328415] ACPI: 2 ACPI AML tables successfully acquired and loaded
Sep 26 16:58:57 flhember kernel: [    0.330983] ACPI: Interpreter enabled
Sep 26 16:58:57 flhember kernel: [    0.330988] ACPI: PM: (supports S0 S5)
Sep 26 16:58:57 flhember kernel: [    0.331229] ACPI: Using IOAPIC for interrupt routing
Sep 26 16:58:57 flhember kernel: [    0.331756] PCI: Using host bridge windows from ACPI; if necessary, use "pci=nocrs" and report a bug
Sep 26 16:58:57 flhember kernel: [    0.331983] PCI: Using E820 reservations for host bridge windows
Sep 26 16:58:57 flhember kernel: [    0.331983] ACPI: Enabled 2 GPEs in block 00 to 07
Sep 26 16:58:57 flhember kernel: [    0.337461] ACPI: PCI Root Bridge [PCI0] (domain 0000 [bus 00-ff])
Sep 26 16:58:57 flhember kernel: [    0.337799] acpi PNP0A03:00: _OSC: OS supports [ASPM ClockPM Segments MSI HPX-Type3]
Sep 26 16:58:57 flhember kernel: [    0.337983] acpi PNP0A03:00: _OSC: not requesting OS control; OS requires [ExtendedConfig ASPM ClockPM MSI]
Sep 26 16:58:57 flhember kernel: [    0.337983] acpi PNP0A03:00: fail to add MMCONFIG information, can't access extended PCI configuration space under this bridge.
Sep 26 16:58:57 flhember kernel: [    0.339023] PCI host bridge to bus 0000:00
Sep 26 16:58:57 flhember kernel: [    0.339268] pci_bus 0000:00: root bus resource [io  0x0000-0x0cf7 window]
Sep 26 16:58:57 flhember kernel: [    0.339607] pci_bus 0000:00: root bus resource [io  0x0d00-0xffff window]
Sep 26 16:58:57 flhember kernel: [    0.339936] pci_bus 0000:00: root bus resource [mem 0x000a0000-0x000bffff window]
Sep 26 16:58:57 flhember kernel: [    0.339983] pci_bus 0000:00: root bus resource [mem 0xe0000000-0xfdffffff window]
Sep 26 16:58:57 flhember kernel: [    0.339983] pci_bus 0000:00: root bus resource [bus 00-ff]
Sep 26 16:58:57 flhember kernel: [    0.341090] pci 0000:00:00.0: [8086:1237] type 00 class 0x060000
Sep 26 16:58:57 flhember kernel: [    0.343128] pci 0000:00:01.0: [8086:7000] type 00 class 0x060100
Sep 26 16:58:57 flhember kernel: [    0.344002] pci 0000:00:01.1: [8086:7111] type 00 class 0x01018a
Sep 26 16:58:57 flhember kernel: [    0.344621] pci 0000:00:01.1: reg 0x20: [io  0xd000-0xd00f]
Sep 26 16:58:57 flhember kernel: [    0.345037] pci 0000:00:01.1: legacy IDE quirk: reg 0x10: [io  0x01f0-0x01f7]
Sep 26 16:58:57 flhember kernel: [    0.345376] pci 0000:00:01.1: legacy IDE quirk: reg 0x14: [io  0x03f6]
Sep 26 16:58:57 flhember kernel: [    0.345698] pci 0000:00:01.1: legacy IDE quirk: reg 0x18: [io  0x0170-0x0177]
Sep 26 16:58:57 flhember kernel: [    0.345983] pci 0000:00:01.1: legacy IDE quirk: reg 0x1c: [io  0x0376]
Sep 26 16:58:57 flhember kernel: [    0.346118] pci 0000:00:02.0: [15ad:0405] type 00 class 0x030000
Sep 26 16:58:57 flhember kernel: [    0.347241] pci 0000:00:02.0: reg 0x10: [io  0xd010-0xd01f]
Sep 26 16:58:57 flhember kernel: [    0.349229] pci 0000:00:02.0: reg 0x14: [mem 0xe0000000-0xe0ffffff pref]
Sep 26 16:58:57 flhember kernel: [    0.352014] pci 0000:00:02.0: reg 0x18: [mem 0xf0000000-0xf01fffff]
Sep 26 16:58:57 flhember kernel: [    0.361089] pci 0000:00:02.0: Video device with shadowed ROM at [mem 0x000c0000-0x000dffff]
Sep 26 16:58:57 flhember kernel: [    0.364001] pci 0000:00:03.0: [8086:100e] type 00 class 0x020000
Sep 26 16:58:57 flhember kernel: [    0.365080] pci 0000:00:03.0: reg 0x10: [mem 0xf0200000-0xf021ffff]
Sep 26 16:58:57 flhember kernel: [    0.368071] pci 0000:00:03.0: reg 0x18: [io  0xd020-0xd027]
Sep 26 16:58:57 flhember kernel: [    0.378344] pci 0000:00:04.0: [80ee:cafe] type 00 class 0x088000
Sep 26 16:58:57 flhember kernel: [    0.380044] pci 0000:00:04.0: reg 0x10: [io  0xd040-0xd05f]
Sep 26 16:58:57 flhember kernel: [    0.383021] pci 0000:00:04.0: reg 0x14: [mem 0xf0400000-0xf07fffff]
Sep 26 16:58:57 flhember kernel: [    0.384071] pci 0000:00:04.0: reg 0x18: [mem 0xf0800000-0xf0803fff pref]
Sep 26 16:58:57 flhember kernel: [    0.391316] pci 0000:00:05.0: [8086:2415] type 00 class 0x040100
Sep 26 16:58:57 flhember kernel: [    0.392088] pci 0000:00:05.0: reg 0x10: [io  0xd100-0xd1ff]
Sep 26 16:58:57 flhember kernel: [    0.392439] pci 0000:00:05.0: reg 0x14: [io  0xd200-0xd23f]
Sep 26 16:58:57 flhember kernel: [    0.393430] pci 0000:00:06.0: [106b:003f] type 00 class 0x0c0310
Sep 26 16:58:57 flhember kernel: [    0.395030] pci 0000:00:06.0: reg 0x10: [mem 0xf0804000-0xf0804fff]
Sep 26 16:58:57 flhember kernel: [    0.405214] pci 0000:00:07.0: [8086:7113] type 00 class 0x068000
Sep 26 16:58:57 flhember kernel: [    0.405880] pci 0000:00:07.0: quirk: [io  0x4000-0x403f] claimed by PIIX4 ACPI
Sep 26 16:58:57 flhember kernel: [    0.405985] pci 0000:00:07.0: quirk: [io  0x4100-0x410f] claimed by PIIX4 SMB
Sep 26 16:58:57 flhember kernel: [    0.406573] pci 0000:00:0d.0: [8086:2829] type 00 class 0x010601
Sep 26 16:58:57 flhember kernel: [    0.408036] pci 0000:00:0d.0: reg 0x10: [io  0xd240-0xd247]
Sep 26 16:58:57 flhember kernel: [    0.410050] pci 0000:00:0d.0: reg 0x14: [io  0xd248-0xd24b]
Sep 26 16:58:57 flhember kernel: [    0.412024] pci 0000:00:0d.0: reg 0x18: [io  0xd250-0xd257]
Sep 26 16:58:57 flhember kernel: [    0.414038] pci 0000:00:0d.0: reg 0x1c: [io  0xd258-0xd25b]
Sep 26 16:58:57 flhember kernel: [    0.417019] pci 0000:00:0d.0: reg 0x20: [io  0xd260-0xd26f]
Sep 26 16:58:57 flhember kernel: [    0.419018] pci 0000:00:0d.0: reg 0x24: [mem 0xf0806000-0xf0807fff]
Sep 26 16:58:57 flhember kernel: [    0.426807] ACPI: PCI: Interrupt link LNKA configured for IRQ 11
Sep 26 16:58:57 flhember kernel: [    0.427056] ACPI: PCI: Interrupt link LNKB configured for IRQ 10
Sep 26 16:58:57 flhember kernel: [    0.427513] ACPI: PCI: Interrupt link LNKC configured for IRQ 9
Sep 26 16:58:57 flhember kernel: [    0.428066] ACPI: PCI: Interrupt link LNKD configured for IRQ 11
Sep 26 16:58:57 flhember kernel: [    0.428630] iommu: Default domain type: Translated 
Sep 26 16:58:57 flhember kernel: [    0.428968] iommu: DMA domain TLB invalidation policy: lazy mode 
Sep 26 16:58:57 flhember kernel: [    0.428983] SCSI subsystem initialized
Sep 26 16:58:57 flhember kernel: [    0.428983] libata version 3.00 loaded.
Sep 26 16:58:57 flhember kernel: [    0.428983] ACPI: bus type USB registered
Sep 26 16:58:57 flhember kernel: [    0.428983] usbcore: registered new interface driver usbfs
Sep 26 16:58:57 flhember kernel: [    0.428983] usbcore: registered new interface driver hub
Sep 26 16:58:57 flhember kernel: [    0.428983] usbcore: registered new device driver usb
Sep 26 16:58:57 flhember kernel: [    0.428983] pps_core: LinuxPPS API ver. 1 registered
Sep 26 16:58:57 flhember kernel: [    0.428983] pps_core: Software ver. 5.3.6 - Copyright 2005-2007 Rodolfo Giometti <giometti@linux.it>
Sep 26 16:58:57 flhember kernel: [    0.428983] PTP clock support registered
Sep 26 16:58:57 flhember kernel: [    0.429076] Advanced Linux Sound Architecture Driver Initialized.
Sep 26 16:58:57 flhember kernel: [    0.429525] NetLabel: Initializing
Sep 26 16:58:57 flhember kernel: [    0.429747] NetLabel:  domain hash size = 128
Sep 26 16:58:57 flhember kernel: [    0.429983] NetLabel:  protocols = UNLABELED CIPSOv4 CALIPSO
Sep 26 16:58:57 flhember kernel: [    0.429983] NetLabel:  unlabeled traffic allowed by default
Sep 26 16:58:57 flhember kernel: [    0.430051] PCI: Using ACPI for IRQ routing
Sep 26 16:58:57 flhember kernel: [    0.430306] PCI: pci_cache_line_size set to 64 bytes
Sep 26 16:58:57 flhember kernel: [    0.433058] e820: reserve RAM buffer [mem 0x0009fc00-0x0009ffff]
Sep 26 16:58:57 flhember kernel: [    0.433065] e820: reserve RAM buffer [mem 0xdfff0000-0xdfffffff]
Sep 26 16:58:57 flhember kernel: [    0.433066] e820: reserve RAM buffer [mem 0x11d800000-0x11fffffff]
Sep 26 16:58:57 flhember kernel: [    0.433114] pci 0000:00:02.0: vgaarb: setting as boot VGA device
Sep 26 16:58:57 flhember kernel: [    0.433430] pci 0000:00:02.0: vgaarb: bridge control possible
Sep 26 16:58:57 flhember kernel: [    0.433729] pci 0000:00:02.0: vgaarb: VGA device added: decodes=io+mem,owns=io+mem,locks=none
Sep 26 16:58:57 flhember kernel: [    0.433985] vgaarb: loaded
Sep 26 16:58:57 flhember kernel: [    0.434255] clocksource: Switched to clocksource kvm-clock
Sep 26 16:58:57 flhember kernel: [    0.443312] VFS: Disk quotas dquot_6.6.0
Sep 26 16:58:57 flhember kernel: [    0.443312] VFS: Dquot-cache hash table entries: 512 (order 0, 4096 bytes)
Sep 26 16:58:57 flhember kernel: [    0.443312] pnp: PnP ACPI init
Sep 26 16:58:57 flhember kernel: [    0.445554] pnp: PnP ACPI: found 2 devices
Sep 26 16:58:57 flhember kernel: [    0.452109] clocksource: acpi_pm: mask: 0xffffff max_cycles: 0xffffff, max_idle_ns: 2085701024 ns
Sep 26 16:58:57 flhember kernel: [    0.452640] NET: Registered PF_INET protocol family
Sep 26 16:58:57 flhember kernel: [    0.453008] IP idents hash table entries: 65536 (order: 7, 524288 bytes, linear)
Sep 26 16:58:57 flhember kernel: [    0.453103] tcp_listen_portaddr_hash hash table entries: 2048 (order: 3, 32768 bytes, linear)
Sep 26 16:58:57 flhember kernel: [    0.453103] Table-perturb hash table entries: 65536 (order: 6, 262144 bytes, linear)
Sep 26 16:58:57 flhember kernel: [    0.453103] TCP established hash table entries: 32768 (order: 6, 262144 bytes, linear)
Sep 26 16:58:57 flhember kernel: [    0.453103] TCP bind hash table entries: 32768 (order: 7, 524288 bytes, linear)
Sep 26 16:58:57 flhember kernel: [    0.455956] TCP: Hash tables configured (established 32768 bind 32768)
Sep 26 16:58:57 flhember kernel: [    0.456307] UDP hash table entries: 2048 (order: 4, 65536 bytes, linear)
Sep 26 16:58:57 flhember kernel: [    0.456639] UDP-Lite hash table entries: 2048 (order: 4, 65536 bytes, linear)
Sep 26 16:58:57 flhember kernel: [    0.457237] NET: Registered PF_UNIX/PF_LOCAL protocol family
Sep 26 16:58:57 flhember kernel: [    0.457621] RPC: Registered named UNIX socket transport module.
Sep 26 16:58:57 flhember kernel: [    0.457924] RPC: Registered udp transport module.
Sep 26 16:58:57 flhember kernel: [    0.458186] RPC: Registered tcp transport module.
Sep 26 16:58:57 flhember kernel: [    0.458202] RPC: Registered tcp NFSv4.1 backchannel transport module.
Sep 26 16:58:57 flhember kernel: [    0.458202] pci_bus 0000:00: resource 4 [io  0x0000-0x0cf7 window]
Sep 26 16:58:57 flhember kernel: [    0.458202] pci_bus 0000:00: resource 5 [io  0x0d00-0xffff window]
Sep 26 16:58:57 flhember kernel: [    0.458202] pci_bus 0000:00: resource 6 [mem 0x000a0000-0x000bffff window]
Sep 26 16:58:57 flhember kernel: [    0.458202] pci_bus 0000:00: resource 7 [mem 0xe0000000-0xfdffffff window]
Sep 26 16:58:57 flhember kernel: [    0.460344] pci 0000:00:00.0: Limiting direct PCI/PCI transfers
Sep 26 16:58:57 flhember kernel: [    0.460666] pci 0000:00:01.0: Activating ISA DMA hang workarounds
Sep 26 16:58:57 flhember kernel: [    0.462273] PCI: CLS 0 bytes, default 64
Sep 26 16:58:57 flhember kernel: [    0.462554] PCI-DMA: Using software bounce buffering for IO (SWIOTLB)
Sep 26 16:58:57 flhember kernel: [    0.462873] software IO TLB: mapped [mem 0x00000000dbff0000-0x00000000dfff0000] (64MB)
Sep 26 16:58:57 flhember kernel: [    0.463060] RAPL PMU: API unit is 2^-32 Joules, 0 fixed counters, 10737418240 ms ovfl timer
Sep 26 16:58:57 flhember kernel: [    0.463060] clocksource: tsc: mask: 0xffffffffffffffff max_cycles: 0x19f228ab7a2, max_idle_ns: 440795289252 ns
Sep 26 16:58:57 flhember kernel: [    0.463060] clocksource: Switched to clocksource tsc
Sep 26 16:58:57 flhember kernel: [    0.463060] platform rtc_cmos: registered platform RTC device (no PNP device found)
Sep 26 16:58:57 flhember kernel: [    0.465238] Initialise system trusted keyrings
Sep 26 16:58:57 flhember kernel: [    0.465522] workingset: timestamp_bits=56 max_order=20 bucket_order=0
Sep 26 16:58:57 flhember kernel: [    0.466171] NFS: Registering the id_resolver key type
Sep 26 16:58:57 flhember kernel: [    0.466171] Key type id_resolver registered
Sep 26 16:58:57 flhember kernel: [    0.466171] Key type id_legacy registered
Sep 26 16:58:57 flhember kernel: [    0.466171] 9p: Installing v9fs 9p2000 file system support
Sep 26 16:58:57 flhember kernel: [    0.466171] Key type asymmetric registered
Sep 26 16:58:57 flhember kernel: [    0.466171] Asymmetric key parser 'x509' registered
Sep 26 16:58:57 flhember kernel: [    0.466171] Block layer SCSI generic (bsg) driver version 0.4 loaded (major 251)
Sep 26 16:58:57 flhember kernel: [    0.466171] io scheduler mq-deadline registered
Sep 26 16:58:57 flhember kernel: [    0.466171] io scheduler kyber registered
Sep 26 16:58:57 flhember kernel: [    0.476942] ACPI: AC: AC Adapter [AC] (off-line)
Sep 26 16:58:57 flhember kernel: [    0.477308] input: Power Button as /devices/LNXSYSTM:00/LNXPWRBN:00/input/input0
Sep 26 16:58:57 flhember kernel: [    0.477860] ACPI: button: Power Button [PWRF]
Sep 26 16:58:57 flhember kernel: [    0.478299] input: Sleep Button as /devices/LNXSYSTM:00/LNXSLPBN:00/input/input1
Sep 26 16:58:57 flhember kernel: [    0.478832] ACPI: button: Sleep Button [SLPF]
Sep 26 16:58:57 flhember kernel: [    0.480075] ACPI: video: Video Device [GFX0] (multi-head: yes  rom: no  post: no)
Sep 26 16:58:57 flhember kernel: [    0.480546] input: Video Bus as /devices/LNXSYSTM:00/LNXSYBUS:00/PNP0A03:00/LNXVIDEO:00/input/input2
Sep 26 16:58:57 flhember kernel: [    0.481726] ACPI: battery: Slot [BAT0] (battery present)
Sep 26 16:58:57 flhember kernel: [    0.482110] Serial: 8250/16550 driver, 4 ports, IRQ sharing enabled
Sep 26 16:58:57 flhember kernel: [    0.482703] Non-volatile memory driver v1.3
Sep 26 16:58:57 flhember kernel: [    0.482952] Linux agpgart interface v0.103
Sep 26 16:58:57 flhember kernel: [    0.483304] ACPI: bus type drm_connector registered
Sep 26 16:58:57 flhember kernel: [    0.484977] loop: module loaded
Sep 26 16:58:57 flhember kernel: [    0.485399] ahci 0000:00:0d.0: version 3.0
Sep 26 16:58:57 flhember kernel: [    0.485986] ahci 0000:00:0d.0: SSS flag set, parallel bus scan disabled
Sep 26 16:58:57 flhember kernel: [    0.486495] ahci 0000:00:0d.0: AHCI 0001.0100 32 slots 3 ports 3 Gbps 0x7 impl SATA mode
Sep 26 16:58:57 flhember kernel: [    0.486930] ahci 0000:00:0d.0: flags: 64bit ncq stag only ccc 
Sep 26 16:58:57 flhember kernel: [    0.487666] scsi host0: ahci
Sep 26 16:58:57 flhember kernel: [    0.487990] scsi host1: ahci
Sep 26 16:58:57 flhember kernel: [    0.488242] scsi host2: ahci
Sep 26 16:58:57 flhember kernel: [    0.488242] ata1: SATA max UDMA/133 abar m8192@0xf0806000 port 0xf0806100 irq 21
Sep 26 16:58:57 flhember kernel: [    0.488242] ata2: SATA max UDMA/133 abar m8192@0xf0806000 port 0xf0806180 irq 21
Sep 26 16:58:57 flhember kernel: [    0.488242] ata3: SATA max UDMA/133 abar m8192@0xf0806000 port 0xf0806200 irq 21
Sep 26 16:58:57 flhember kernel: [    0.488242] e100: Intel(R) PRO/100 Network Driver
Sep 26 16:58:57 flhember kernel: [    0.488242] e100: Copyright(c) 1999-2006 Intel Corporation
Sep 26 16:58:57 flhember kernel: [    0.488242] e1000: Intel(R) PRO/1000 Network Driver
Sep 26 16:58:57 flhember kernel: [    0.488242] e1000: Copyright (c) 1999-2006 Intel Corporation.
Sep 26 16:58:57 flhember kernel: [    0.802286] ata1: SATA link up 3.0 Gbps (SStatus 123 SControl 300)
Sep 26 16:58:57 flhember kernel: [    0.802809] ata1.00: ATA-6: VBOX HARDDISK, 1.0, max UDMA/133
Sep 26 16:58:57 flhember kernel: [    0.803109] ata1.00: 41943040 sectors, multi 128: LBA48 NCQ (depth 32)
Sep 26 16:58:57 flhember kernel: [    0.803691] ata1.00: configured for UDMA/133
Sep 26 16:58:57 flhember kernel: [    0.804011] scsi 0:0:0:0: Direct-Access     ATA      VBOX HARDDISK    1.0  PQ: 0 ANSI: 5
Sep 26 16:58:57 flhember kernel: [    0.804622] scsi 0:0:0:0: Attached scsi generic sg0 type 0
Sep 26 16:58:57 flhember kernel: [    0.805066] sd 0:0:0:0: [sda] 41943040 512-byte logical blocks: (21.5 GB/20.0 GiB)
Sep 26 16:58:57 flhember kernel: [    0.805487] sd 0:0:0:0: [sda] Write Protect is off
Sep 26 16:58:57 flhember kernel: [    0.805751] sd 0:0:0:0: [sda] Mode Sense: 00 3a 00 00
Sep 26 16:58:57 flhember kernel: [    0.805761] sd 0:0:0:0: [sda] Write cache: enabled, read cache: enabled, doesn't support DPO or FUA
Sep 26 16:58:57 flhember kernel: [    0.806040] sd 0:0:0:0: [sda] Preferred minimum I/O size 512 bytes
Sep 26 16:58:57 flhember kernel: [    0.827179] e1000 0000:00:03.0 eth0: (PCI:33MHz:32-bit) 08:00:27:3e:39:d4
Sep 26 16:58:57 flhember kernel: [    0.827179] e1000 0000:00:03.0 eth0: Intel(R) PRO/1000 Network Connection
Sep 26 16:58:57 flhember kernel: [    0.827179] e1000e: Intel(R) PRO/1000 Network Driver
Sep 26 16:58:57 flhember kernel: [    0.827179] e1000e: Copyright(c) 1999 - 2015 Intel Corporation.
Sep 26 16:58:57 flhember kernel: [    0.827179] Intel(R) Wireless WiFi driver for Linux
Sep 26 16:58:57 flhember kernel: [    0.827179] ehci_hcd: USB 2.0 'Enhanced' Host Controller (EHCI) Driver
Sep 26 16:58:57 flhember kernel: [    0.827179] ehci-pci: EHCI PCI platform driver
Sep 26 16:58:57 flhember kernel: [    0.827179] ohci_hcd: USB 1.1 'Open' Host Controller (OHCI) Driver
Sep 26 16:58:57 flhember kernel: [    0.827179] ohci-pci: OHCI PCI platform driver
Sep 26 16:58:57 flhember kernel: [    0.827179]  sda: sda1 sda2 sda3
Sep 26 16:58:57 flhember kernel: [    0.827179] sd 0:0:0:0: [sda] Attached SCSI disk
Sep 26 16:58:57 flhember kernel: [    0.831838] ohci-pci 0000:00:06.0: OHCI PCI host controller
Sep 26 16:58:57 flhember kernel: [    0.832164] ohci-pci 0000:00:06.0: new USB bus registered, assigned bus number 1
Sep 26 16:58:57 flhember kernel: [    0.832293] ohci-pci 0000:00:06.0: irq 22, io mem 0xf0804000
Sep 26 16:58:57 flhember kernel: [    0.885778] usb usb1: New USB device found, idVendor=1d6b, idProduct=0001, bcdDevice= 5.19
Sep 26 16:58:57 flhember kernel: [    0.886075] usb usb1: New USB device strings: Mfr=3, Product=2, SerialNumber=1
Sep 26 16:58:57 flhember kernel: [    0.886075] usb usb1: Product: OHCI PCI host controller
Sep 26 16:58:57 flhember kernel: [    0.886075] usb usb1: Manufacturer: Linux 5.19.2-i5-8250 ohci_hcd
Sep 26 16:58:57 flhember kernel: [    0.886075] usb usb1: SerialNumber: 0000:00:06.0
Sep 26 16:58:57 flhember kernel: [    0.886075] hub 1-0:1.0: USB hub found
Sep 26 16:58:57 flhember kernel: [    0.886075] hub 1-0:1.0: 12 ports detected
Sep 26 16:58:57 flhember kernel: [    0.889234] uhci_hcd: USB Universal Host Controller Interface driver
Sep 26 16:58:57 flhember kernel: [    0.889663] usbcore: registered new interface driver usblp
Sep 26 16:58:57 flhember kernel: [    0.890029] usbcore: registered new interface driver usb-storage
Sep 26 16:58:57 flhember kernel: [    0.890029] i8042: PNP: PS/2 Controller [PNP0303:PS2K,PNP0f03:PS2M] at 0x60,0x64 irq 1,12
Sep 26 16:58:57 flhember kernel: [    0.891607] serio: i8042 KBD port at 0x60,0x64 irq 1
Sep 26 16:58:57 flhember kernel: [    0.891942] serio: i8042 AUX port at 0x60,0x64 irq 12
Sep 26 16:58:57 flhember kernel: [    0.892640] input: AT Translated Set 2 keyboard as /devices/platform/i8042/serio0/input/input3
Sep 26 16:58:57 flhember kernel: [    0.894134] input: PC Speaker as /devices/platform/pcspkr/input/input6
Sep 26 16:58:57 flhember kernel: [    0.894952] rtc_cmos rtc_cmos: registered as rtc0
Sep 26 16:58:57 flhember kernel: [    0.895274] rtc_cmos rtc_cmos: alarms up to one day, 114 bytes nvram
Sep 26 16:58:57 flhember kernel: [    0.895561] fail to initialize ptp_kvm
Sep 26 16:58:57 flhember kernel: [    0.895561] device-mapper: ioctl: 4.47.0-ioctl (2022-07-28) initialised: dm-devel@redhat.com
Sep 26 16:58:57 flhember kernel: [    0.895561] intel_pstate: CPU model not supported
Sep 26 16:58:57 flhember kernel: [    0.895561] hid: raw HID events driver (C) Jiri Kosina
Sep 26 16:58:57 flhember kernel: [    0.895561] usbcore: registered new interface driver usbhid
Sep 26 16:58:57 flhember kernel: [    0.895561] usbhid: USB HID core driver
Sep 26 16:58:57 flhember kernel: [    0.898351] Initializing XFRM netlink socket
Sep 26 16:58:57 flhember kernel: [    0.898721] NET: Registered PF_INET6 protocol family
Sep 26 16:58:57 flhember kernel: [    0.899258] Segment Routing with IPv6
Sep 26 16:58:57 flhember kernel: [    0.899265] In-situ OAM (IOAM) with IPv6
Sep 26 16:58:57 flhember kernel: [    0.899265] sit: IPv6, IPv4 and MPLS over IPv4 tunneling driver
Sep 26 16:58:57 flhember kernel: [    0.899265] NET: Registered PF_PACKET protocol family
Sep 26 16:58:57 flhember kernel: [    0.899265] 9pnet: Installing 9P2000 support
Sep 26 16:58:57 flhember kernel: [    0.899265] Key type dns_resolver registered
Sep 26 16:58:57 flhember kernel: [    0.899265] IPI shorthand broadcast: enabled
Sep 26 16:58:57 flhember kernel: [    0.899265] sched_clock: Marking stable (853346748, 44918896)->(904398355, -6132711)
Sep 26 16:58:57 flhember kernel: [    0.902180] registered taskstats version 1
Sep 26 16:58:57 flhember kernel: [    0.902458] Loading compiled-in X.509 certificates
Sep 26 16:58:57 flhember kernel: [    0.902823] cryptomgr_test (48) used greatest stack depth: 15520 bytes left
Sep 26 16:58:57 flhember kernel: [    0.903720] PM:   Magic number: 6:899:991
Sep 26 16:58:57 flhember kernel: [    0.904042] printk: console [netcon0] enabled
Sep 26 16:58:57 flhember kernel: [    0.904336] netconsole: network logging started
Sep 26 16:58:57 flhember kernel: [    0.904682] cfg80211: Loading compiled-in X.509 certificates for regulatory database
Sep 26 16:58:57 flhember kernel: [    0.905234] kworker/u2:0 (70) used greatest stack depth: 14712 bytes left
Sep 26 16:58:57 flhember kernel: [    0.905838] cfg80211: Loaded X.509 cert 'sforshee: 00b28ddf47aef9cea7'
Sep 26 16:58:57 flhember kernel: [    0.906214] ALSA device list:
Sep 26 16:58:57 flhember kernel: [    0.906455]   No soundcards found.
Sep 26 16:58:57 flhember kernel: [    0.906738] platform regulatory.0: Direct firmware load for regulatory.db failed with error -2
Sep 26 16:58:57 flhember kernel: [    0.907251] cfg80211: failed to load regulatory.db
Sep 26 16:58:57 flhember kernel: [    1.098977] input: ImExPS/2 Generic Explorer Mouse as /devices/platform/i8042/serio1/input/input5
Sep 26 16:58:57 flhember kernel: [    1.110648] ata2: SATA link up 3.0 Gbps (SStatus 123 SControl 300)
Sep 26 16:58:57 flhember kernel: [    1.111668] ata2.00: ATA-6: VBOX HARDDISK, 1.0, max UDMA/133
Sep 26 16:58:57 flhember kernel: [    1.112365] ata2.00: 62914560 sectors, multi 128: LBA48 NCQ (depth 32)
Sep 26 16:58:57 flhember kernel: [    1.113576] ata2.00: configured for UDMA/133
Sep 26 16:58:57 flhember kernel: [    1.114262] scsi 1:0:0:0: Direct-Access     ATA      VBOX HARDDISK    1.0  PQ: 0 ANSI: 5
Sep 26 16:58:57 flhember kernel: [    1.115681] sd 1:0:0:0: [sdb] 62914560 512-byte logical blocks: (32.2 GB/30.0 GiB)
Sep 26 16:58:57 flhember kernel: [    1.116914] sd 1:0:0:0: [sdb] Write Protect is off
Sep 26 16:58:57 flhember kernel: [    1.117667] sd 1:0:0:0: [sdb] Mode Sense: 00 3a 00 00
Sep 26 16:58:57 flhember kernel: [    1.117763] sd 1:0:0:0: Attached scsi generic sg1 type 0
Sep 26 16:58:57 flhember kernel: [    1.118624] sd 1:0:0:0: [sdb] Write cache: enabled, read cache: enabled, doesn't support DPO or FUA
Sep 26 16:58:57 flhember kernel: [    1.120808] sd 1:0:0:0: [sdb] Preferred minimum I/O size 512 bytes
Sep 26 16:58:57 flhember kernel: [    1.130869]  sdb: sdb1 sdb2 sdb3
Sep 26 16:58:57 flhember kernel: [    1.131804] sd 1:0:0:0: [sdb] Attached SCSI disk
Sep 26 16:58:57 flhember kernel: [    1.172168] usb 1-1: new full-speed USB device number 2 using ohci-pci
Sep 26 16:58:57 flhember kernel: [    1.411402] usb 1-1: New USB device found, idVendor=80ee, idProduct=0021, bcdDevice= 1.00
Sep 26 16:58:57 flhember kernel: [    1.413237] usb 1-1: New USB device strings: Mfr=1, Product=3, SerialNumber=0
Sep 26 16:58:57 flhember kernel: [    1.414528] usb 1-1: Product: USB Tablet
Sep 26 16:58:57 flhember kernel: [    1.415427] usb 1-1: Manufacturer: VirtualBox
Sep 26 16:58:57 flhember kernel: [    1.429692] input: VirtualBox USB Tablet as /devices/pci0000:00/0000:00:06.0/usb1/1-1/1-1:1.0/0003:80EE:0021.0001/input/input7
Sep 26 16:58:57 flhember kernel: [    1.431925] hid-generic 0003:80EE:0021.0001: input,hidraw0: USB HID v1.10 Mouse [VirtualBox USB Tablet] on usb-0000:00:06.0-1/input0
Sep 26 16:58:57 flhember kernel: [    1.434448] ata3: SATA link down (SStatus 0 SControl 300)
Sep 26 16:58:57 flhember kernel: [    1.435608] md: Waiting for all devices to be available before autodetect
Sep 26 16:58:57 flhember kernel: [    1.436766] md: If you don't use raid, use raid=noautodetect
Sep 26 16:58:57 flhember kernel: [    1.437784] md: Autodetecting RAID arrays.
Sep 26 16:58:57 flhember kernel: [    1.438635] md: autorun ...
Sep 26 16:58:57 flhember kernel: [    1.439320] md: ... autorun DONE.
Sep 26 16:58:57 flhember kernel: [    1.452161] EXT4-fs (sdb3): mounted filesystem with ordered data mode. Quota mode: none.
Sep 26 16:58:57 flhember kernel: [    1.453055] VFS: Mounted root (ext4 filesystem) readonly on device 8:19.
Sep 26 16:58:57 flhember kernel: [    1.455139] devtmpfs: mounted
Sep 26 16:58:57 flhember kernel: [    1.455980] Freeing unused kernel image (initmem) memory: 1572K
Sep 26 16:58:57 flhember kernel: [    1.456677] Write protecting the kernel read-only data: 28672k
Sep 26 16:58:57 flhember kernel: [    1.457982] Freeing unused kernel image (text/rodata gap) memory: 2032K
Sep 26 16:58:57 flhember kernel: [    1.459184] Freeing unused kernel image (rodata/data gap) memory: 2020K
Sep 26 16:58:57 flhember kernel: [    1.459862] Run /sbin/init as init process
Sep 26 16:58:57 flhember kernel: [    1.460345]   with arguments:
Sep 26 16:58:57 flhember kernel: [    1.460347]     /sbin/init
Sep 26 16:58:57 flhember kernel: [    1.460349]   with environment:
Sep 26 16:58:57 flhember kernel: [    1.460350]     HOME=/
Sep 26 16:58:57 flhember kernel: [    1.460352]     TERM=linux
Sep 26 16:58:57 flhember kernel: [    1.460354]     BOOT_IMAGE=/vmlinuz-5.19.2-flhember
Sep 26 16:58:57 flhember kernel: [    1.514573] stty (80) used greatest stack depth: 13704 bytes left
Sep 26 16:58:57 flhember kernel: [    1.609446] ip (131) used greatest stack depth: 13352 bytes left
Sep 26 16:58:57 flhember kernel: [    1.610503] ip (132) used greatest stack depth: 13056 bytes left
Sep 26 16:58:57 flhember kernel: <30>[    1.643092] udevd[157]: starting version 3.2.11
Sep 26 16:58:57 flhember kernel: <30>[    1.666390] udevd[158]: starting eudev-3.2.11
Sep 26 16:58:57 flhember kernel: [    1.741028] e1000 0000:00:03.0 enp0s3: renamed from eth0
Sep 26 16:58:57 flhember kernel: [    2.143852] Adding 4194300k swap on /dev/sdb2.  Priority:1 extents:1 across:4194300k 
Sep 26 16:58:57 flhember kernel: [    2.156885] EXT4-fs (sdb3): re-mounted. Quota mode: none.
Sep 26 16:58:57 flhember kernel: [    2.222780] EXT4-fs (sdb3): re-mounted. Quota mode: none.
Sep 26 17:31:54 flhember kernel: Kernel logging (proc) stopped.
Sep 26 17:31:54 flhember kernel: Kernel log daemon terminating.
Sep 26 18:14:39 flhember kernel: klogd 1.5.1, log source = /proc/kmsg started.
Sep 26 18:14:39 flhember kernel: Cannot find map file.
Sep 26 18:14:39 flhember kernel: Loaded 141538 symbols from 1 module.
Sep 26 18:14:39 flhember kernel: [    0.000000] Linux version 5.19.2-i5-8250 (root@flhember-VirtualBox) (gcc (GCC) 12.2.0, GNU ld (GNU Binutils) 2.39) #1 SMP PREEMPT_DYNAMIC Thu Sep 22 20:20:27 CEST 2022
Sep 26 18:14:39 flhember kernel: [    0.000000] Command line: BOOT_IMAGE=/vmlinuz-5.19.2-flhember root=/dev/sda3 ro
Sep 26 18:14:39 flhember kernel: [    0.000000] x86/fpu: Supporting XSAVE feature 0x001: 'x87 floating point registers'
Sep 26 18:14:39 flhember kernel: [    0.000000] x86/fpu: Supporting XSAVE feature 0x002: 'SSE registers'
Sep 26 18:14:39 flhember kernel: [    0.000000] x86/fpu: Supporting XSAVE feature 0x004: 'AVX registers'
Sep 26 18:14:39 flhember kernel: [    0.000000] x86/fpu: xstate_offset[2]:  576, xstate_sizes[2]:  256
Sep 26 18:14:39 flhember kernel: [    0.000000] x86/fpu: Enabled xstate features 0x7, context size is 832 bytes, using 'standard' format.
Sep 26 18:14:39 flhember kernel: [    0.000000] signal: max sigframe size: 1776
Sep 26 18:14:39 flhember kernel: [    0.000000] BIOS-provided physical RAM map:
Sep 26 18:14:39 flhember kernel: [    0.000000] BIOS-e820: [mem 0x0000000000000000-0x000000000009fbff] usable
Sep 26 18:14:39 flhember kernel: [    0.000000] BIOS-e820: [mem 0x000000000009fc00-0x000000000009ffff] reserved
Sep 26 18:14:39 flhember kernel: [    0.000000] BIOS-e820: [mem 0x00000000000f0000-0x00000000000fffff] reserved
Sep 26 18:14:39 flhember kernel: [    0.000000] BIOS-e820: [mem 0x0000000000100000-0x00000000dffeffff] usable
Sep 26 18:14:39 flhember kernel: [    0.000000] BIOS-e820: [mem 0x00000000dfff0000-0x00000000dfffffff] ACPI data
Sep 26 18:14:39 flhember kernel: [    0.000000] BIOS-e820: [mem 0x00000000fec00000-0x00000000fec00fff] reserved
Sep 26 18:14:39 flhember kernel: [    0.000000] BIOS-e820: [mem 0x00000000fee00000-0x00000000fee00fff] reserved
Sep 26 18:14:39 flhember kernel: [    0.000000] BIOS-e820: [mem 0x00000000fffc0000-0x00000000ffffffff] reserved
Sep 26 18:14:39 flhember kernel: [    0.000000] BIOS-e820: [mem 0x0000000100000000-0x000000011d7fffff] usable
Sep 26 18:14:39 flhember kernel: [    0.000000] NX (Execute Disable) protection: active
Sep 26 18:14:39 flhember kernel: [    0.000000] SMBIOS 2.5 present.
Sep 26 18:14:39 flhember kernel: [    0.000000] DMI: innotek GmbH VirtualBox/VirtualBox, BIOS VirtualBox 12/01/2006
Sep 26 18:14:39 flhember kernel: [    0.000000] Hypervisor detected: KVM
Sep 26 18:14:39 flhember kernel: [    0.000000] kvm-clock: Using msrs 4b564d01 and 4b564d00
Sep 26 18:14:39 flhember kernel: [    0.000001] kvm-clock: using sched offset of 4831633792 cycles
Sep 26 18:14:39 flhember kernel: [    0.000003] clocksource: kvm-clock: mask: 0xffffffffffffffff max_cycles: 0x1cd42e4dffb, max_idle_ns: 881590591483 ns
Sep 26 18:14:39 flhember kernel: [    0.000005] tsc: Detected 1799.999 MHz processor
Sep 26 18:14:39 flhember kernel: [    0.001475] e820: update [mem 0x00000000-0x00000fff] usable ==> reserved
Sep 26 18:14:39 flhember kernel: [    0.001478] e820: remove [mem 0x000a0000-0x000fffff] usable
Sep 26 18:14:39 flhember kernel: [    0.001482] last_pfn = 0x11d800 max_arch_pfn = 0x400000000
Sep 26 18:14:39 flhember kernel: [    0.001493] Disabled
Sep 26 18:14:39 flhember kernel: [    0.001493] x86/PAT: MTRRs disabled, skipping PAT initialization too.
Sep 26 18:14:39 flhember kernel: [    0.001496] CPU MTRRs all blank - virtualized system.
Sep 26 18:14:39 flhember kernel: [    0.001498] x86/PAT: Configuration [0-7]: WB  WT  UC- UC  WB  WT  UC- UC  
Sep 26 18:14:39 flhember kernel: [    0.001503] last_pfn = 0xdfff0 max_arch_pfn = 0x400000000
Sep 26 18:14:39 flhember kernel: [    0.001559] found SMP MP-table at [mem 0x0009fff0-0x0009ffff]
Sep 26 18:14:39 flhember kernel: [    0.002236] ACPI: Early table checksum verification disabled
Sep 26 18:14:39 flhember kernel: [    0.002240] ACPI: RSDP 0x00000000000E0000 000024 (v02 VBOX  )
Sep 26 18:14:39 flhember kernel: [    0.002245] ACPI: XSDT 0x00000000DFFF0030 00003C (v01 VBOX   VBOXXSDT 00000001 ASL  00000061)
Sep 26 18:14:39 flhember kernel: [    0.002251] ACPI: FACP 0x00000000DFFF00F0 0000F4 (v04 VBOX   VBOXFACP 00000001 ASL  00000061)
Sep 26 18:14:39 flhember kernel: [    0.002256] ACPI: DSDT 0x00000000DFFF0470 002325 (v02 VBOX   VBOXBIOS 00000002 INTL 20200925)
Sep 26 18:14:39 flhember kernel: [    0.002260] ACPI: FACS 0x00000000DFFF0200 000040
Sep 26 18:14:39 flhember kernel: [    0.002263] ACPI: FACS 0x00000000DFFF0200 000040
Sep 26 18:14:39 flhember kernel: [    0.002266] ACPI: APIC 0x00000000DFFF0240 000054 (v02 VBOX   VBOXAPIC 00000001 ASL  00000061)
Sep 26 18:14:39 flhember kernel: [    0.002270] ACPI: SSDT 0x00000000DFFF02A0 0001CC (v01 VBOX   VBOXCPUT 00000002 INTL 20200925)
Sep 26 18:14:39 flhember kernel: [    0.002272] ACPI: Reserving FACP table memory at [mem 0xdfff00f0-0xdfff01e3]
Sep 26 18:14:39 flhember kernel: [    0.002274] ACPI: Reserving DSDT table memory at [mem 0xdfff0470-0xdfff2794]
Sep 26 18:14:39 flhember kernel: [    0.002275] ACPI: Reserving FACS table memory at [mem 0xdfff0200-0xdfff023f]
Sep 26 18:14:39 flhember kernel: [    0.002276] ACPI: Reserving FACS table memory at [mem 0xdfff0200-0xdfff023f]
Sep 26 18:14:39 flhember kernel: [    0.002276] ACPI: Reserving APIC table memory at [mem 0xdfff0240-0xdfff0293]
Sep 26 18:14:39 flhember kernel: [    0.002277] ACPI: Reserving SSDT table memory at [mem 0xdfff02a0-0xdfff046b]
Sep 26 18:14:39 flhember kernel: [    0.002458] No NUMA configuration found
Sep 26 18:14:39 flhember kernel: [    0.002459] Faking a node at [mem 0x0000000000000000-0x000000011d7fffff]
Sep 26 18:14:39 flhember kernel: [    0.002461] NODE_DATA(0) allocated [mem 0x11d7fa000-0x11d7fdfff]
Sep 26 18:14:39 flhember kernel: [    0.002476] Zone ranges:
Sep 26 18:14:39 flhember kernel: [    0.002476]   DMA      [mem 0x0000000000001000-0x0000000000ffffff]
Sep 26 18:14:39 flhember kernel: [    0.002478]   DMA32    [mem 0x0000000001000000-0x00000000ffffffff]
Sep 26 18:14:39 flhember kernel: [    0.002479]   Normal   [mem 0x0000000100000000-0x000000011d7fffff]
Sep 26 18:14:39 flhember kernel: [    0.002481] Movable zone start for each node
Sep 26 18:14:39 flhember kernel: [    0.002481] Early memory node ranges
Sep 26 18:14:39 flhember kernel: [    0.002482]   node   0: [mem 0x0000000000001000-0x000000000009efff]
Sep 26 18:14:39 flhember kernel: [    0.002483]   node   0: [mem 0x0000000000100000-0x00000000dffeffff]
Sep 26 18:14:39 flhember kernel: [    0.002484]   node   0: [mem 0x0000000100000000-0x000000011d7fffff]
Sep 26 18:14:39 flhember kernel: [    0.002486] Initmem setup node 0 [mem 0x0000000000001000-0x000000011d7fffff]
Sep 26 18:14:39 flhember kernel: [    0.002973] On node 0, zone DMA: 1 pages in unavailable ranges
Sep 26 18:14:39 flhember kernel: [    0.002990] On node 0, zone DMA: 97 pages in unavailable ranges
Sep 26 18:14:39 flhember kernel: [    0.021979] On node 0, zone Normal: 16 pages in unavailable ranges
Sep 26 18:14:39 flhember kernel: [    0.022088] On node 0, zone Normal: 10240 pages in unavailable ranges
Sep 26 18:14:39 flhember kernel: [    0.022468] ACPI: PM-Timer IO Port: 0x4008
Sep 26 18:14:39 flhember kernel: [    0.022533] IOAPIC[0]: apic_id 1, version 32, address 0xfec00000, GSI 0-23
Sep 26 18:14:39 flhember kernel: [    0.022537] ACPI: INT_SRC_OVR (bus 0 bus_irq 0 global_irq 2 dfl dfl)
Sep 26 18:14:39 flhember kernel: [    0.022539] ACPI: INT_SRC_OVR (bus 0 bus_irq 9 global_irq 9 low level)
Sep 26 18:14:39 flhember kernel: [    0.022544] ACPI: Using ACPI (MADT) for SMP configuration information
Sep 26 18:14:39 flhember kernel: [    0.022551] smpboot: Allowing 1 CPUs, 0 hotplug CPUs
Sep 26 18:14:39 flhember kernel: [    0.022571] PM: hibernation: Registered nosave memory: [mem 0x00000000-0x00000fff]
Sep 26 18:14:39 flhember kernel: [    0.022573] PM: hibernation: Registered nosave memory: [mem 0x0009f000-0x0009ffff]
Sep 26 18:14:39 flhember kernel: [    0.022574] PM: hibernation: Registered nosave memory: [mem 0x000a0000-0x000effff]
Sep 26 18:14:39 flhember kernel: [    0.022575] PM: hibernation: Registered nosave memory: [mem 0x000f0000-0x000fffff]
Sep 26 18:14:39 flhember kernel: [    0.022576] PM: hibernation: Registered nosave memory: [mem 0xdfff0000-0xdfffffff]
Sep 26 18:14:39 flhember kernel: [    0.022577] PM: hibernation: Registered nosave memory: [mem 0xe0000000-0xfebfffff]
Sep 26 18:14:39 flhember kernel: [    0.022577] PM: hibernation: Registered nosave memory: [mem 0xfec00000-0xfec00fff]
Sep 26 18:14:39 flhember kernel: [    0.022578] PM: hibernation: Registered nosave memory: [mem 0xfec01000-0xfedfffff]
Sep 26 18:14:39 flhember kernel: [    0.022578] PM: hibernation: Registered nosave memory: [mem 0xfee00000-0xfee00fff]
Sep 26 18:14:39 flhember kernel: [    0.022579] PM: hibernation: Registered nosave memory: [mem 0xfee01000-0xfffbffff]
Sep 26 18:14:39 flhember kernel: [    0.022580] PM: hibernation: Registered nosave memory: [mem 0xfffc0000-0xffffffff]
Sep 26 18:14:39 flhember kernel: [    0.022581] [mem 0xe0000000-0xfebfffff] available for PCI devices
Sep 26 18:14:39 flhember kernel: [    0.022582] Booting paravirtualized kernel on KVM
Sep 26 18:14:39 flhember kernel: [    0.022584] clocksource: refined-jiffies: mask: 0xffffffff max_cycles: 0xffffffff, max_idle_ns: 1910969940391419 ns
Sep 26 18:14:39 flhember kernel: [    0.028012] setup_percpu: NR_CPUS:64 nr_cpumask_bits:64 nr_cpu_ids:1 nr_node_ids:1
Sep 26 18:14:39 flhember kernel: [    0.028620] percpu: Embedded 52 pages/cpu s176104 r8192 d28696 u2097152
Sep 26 18:14:39 flhember kernel: [    0.028627] pcpu-alloc: s176104 r8192 d28696 u2097152 alloc=1*2097152
Sep 26 18:14:39 flhember kernel: [    0.028629] pcpu-alloc: [0] 0 
